#
# There is insufficient memory for the Java Runtime Environment to continue.
# Native memory allocation (malloc) failed to allocate 83264 bytes. Error detail: Chunk::new
# Possible reasons:
#   The system is out of physical RAM or swap space
#   This process is running with CompressedOops enabled, and the Java Heap may be blocking the growth of the native heap
# Possible solutions:
#   Reduce memory load on the system
#   Increase physical memory or swap space
#   Check if swap backing store is full
#   Decrease Java heap size (-Xmx/-Xms)
#
#  Out of Memory Error
#
# 

V  [jvm.dll+0x8b5736]
V  [jvm.dll+0x8b7cee]
V  [jvm.dll+0x8b83d3]
V  [jvm.dll+0x284596]
V  [jvm.dll+0xc685d]
V  [jvm.dll+0xc6da1]
V  [jvm.dll+0x3bf18b]
V  [jvm.dll+0x1e3f42]
V  [jvm.dll+0x24c853]
V  [jvm.dll+0x24bce0]
V  [jvm.dll+0x1cb4ae]
V  [jvm.dll+0x25baad]
V  [jvm.dll+0x25a03a]
V  [jvm.dll+0x3f8aae]
V  [jvm.dll+0x8600cd]
V  [jvm.dll+0x6d6c1d]
C  [ucrtbase.dll+0x21bb2]
C  [KERNEL32.DLL+0x17374]
C  [ntdll.dll+0x4cc91]


---------------  P R O C E S S  ---------------

Threads class SMR info:
_java_thread_list=0x000001a7ed6eeef0, length=12, elements={
0x000001a7d3b74c40, 0x000001a7d5d9f540, 0x000001a7d5da0a50, 0x000001a7d5da2420,
0x000001a7d5da3140, 0x000001a7d5da3e60, 0x000001a7d5da58d0, 0x000001a7d5da6660,
0x000001a7d5e16390, 0x000001a7ed539050, 0x000001a7ed68bf10, 0x000001a7d5df2a10
}

Java Threads: ( => current thread )
  0x000001a7d3b74c40 JavaThread "main"                              [_thread_in_native, id=18124, stack(0x0000006746c00000,0x0000006746d00000) (1024K)]
  0x000001a7d5d9f540 JavaThread "Reference Handler"          daemon [_thread_blocked, id=14584, stack(0x0000006747000000,0x0000006747100000) (1024K)]
  0x000001a7d5da0a50 JavaThread "Finalizer"                  daemon [_thread_blocked, id=9364, stack(0x0000006747100000,0x0000006747200000) (1024K)]
  0x000001a7d5da2420 JavaThread "Signal Dispatcher"          daemon [_thread_blocked, id=11772, stack(0x0000006747200000,0x0000006747300000) (1024K)]
  0x000001a7d5da3140 JavaThread "Attach Listener"            daemon [_thread_blocked, id=10052, stack(0x0000006747300000,0x0000006747400000) (1024K)]
  0x000001a7d5da3e60 JavaThread "Service Thread"             daemon [_thread_blocked, id=2372, stack(0x0000006747400000,0x0000006747500000) (1024K)]
  0x000001a7d5da58d0 JavaThread "Monitor Deflation Thread"   daemon [_thread_blocked, id=6228, stack(0x0000006747500000,0x0000006747600000) (1024K)]
=>0x000001a7d5da6660 JavaThread "C2 CompilerThread0"         daemon [_thread_in_native, id=11460, stack(0x0000006747600000,0x0000006747700000) (1024K)]
  0x000001a7d5e16390 JavaThread "C1 CompilerThread0"         daemon [_thread_blocked, id=12296, stack(0x0000006747700000,0x0000006747800000) (1024K)]
  0x000001a7ed539050 JavaThread "Common-Cleaner"             daemon [_thread_blocked, id=3564, stack(0x0000006747800000,0x0000006747900000) (1024K)]
  0x000001a7ed68bf10 JavaThread "Notification Thread"        daemon [_thread_blocked, id=12196, stack(0x0000006747900000,0x0000006747a00000) (1024K)]
  0x000001a7d5df2a10 JavaThread "Active Thread: Equinox Container: 5f2fa7c5-c491-49b4-bfdf-0e0d296cee58"        [_thread_in_vm, id=5136, stack(0x0000006748100000,0x0000006748200000) (1024K)]
Total: 12

Other Threads:
  0x000001a7d5d82dc0 VMThread "VM Thread"                           [id=15972, stack(0x0000006746f00000,0x0000006747000000) (1024K)]
  0x000001a7d5f777f0 WatcherThread "VM Periodic Task Thread"        [id=17704, stack(0x0000006746e00000,0x0000006746f00000) (1024K)]
  0x000001a7d5ecebc0 WorkerThread "GC Thread#0"                     [id=13292, stack(0x0000006746d00000,0x0000006746e00000) (1024K)]
  0x000001a7f2146a90 WorkerThread "GC Thread#1"                     [id=15744, stack(0x0000006747a00000,0x0000006747b00000) (1024K)]
  0x000001a7f2146e40 WorkerThread "GC Thread#2"                     [id=5336, stack(0x0000006747b00000,0x0000006747c00000) (1024K)]
  0x000001a7f21471f0 WorkerThread "GC Thread#3"                     [id=11424, stack(0x0000006747c00000,0x0000006747d00000) (1024K)]
Total: 6

Threads with active compile tasks:
C2 CompilerThread0  43132 1825       4       java.util.regex.Matcher::search (154 bytes)
Total: 1

VM state: not at safepoint (normal execution)

VM Mutex/Monitor currently owned by a thread:  ([mutex/lock_event])
[0x00007ff9ecacd530] Metaspace_lock - owner thread: 0x000001a7d5df2a10

Heap address: 0x0000000080000000, size: 2048 MB, Compressed Oops mode: 32-bit

CDS archive(s) mapped at: [0x000001a780000000-0x000001a780ba0000-0x000001a780ba0000), size 12189696, SharedBaseAddress: 0x000001a780000000, ArchiveRelocationMode: 1.
Compressed class space mapped at: 0x000001a781000000-0x000001a7c1000000, reserved size: 1073741824
Narrow klass base: 0x000001a780000000, Narrow klass shift: 0, Narrow klass range: 0x100000000

GC Precious Log:
 CardTable entry size: 512
 CPUs: 4 total, 4 available
 Memory: 7352M
 Large Page Support: Disabled
 NUMA Support: Disabled
 Compressed Oops: Enabled (32-bit)
 Alignments: Space 512K, Generation 512K, Heap 2M
 Heap Min Capacity: 100M
 Heap Initial Capacity: 100M
 Heap Max Capacity: 2G
 Pre-touch: Disabled
 Parallel Workers: 4

Heap:
 PSYoungGen      total 29696K, used 5734K [0x00000000d5580000, 0x00000000d7680000, 0x0000000100000000)
  eden space 25600K, 6% used [0x00000000d5580000,0x00000000d571a4f8,0x00000000d6e80000)
  from space 4096K, 99% used [0x00000000d7280000,0x00000000d767f570,0x00000000d7680000)
  to   space 4096K, 0% used [0x00000000d6e80000,0x00000000d6e80000,0x00000000d7280000)
 ParOldGen       total 68608K, used 210K [0x0000000080000000, 0x0000000084300000, 0x00000000d5580000)
  object space 68608K, 0% used [0x0000000080000000,0x0000000080034938,0x0000000084300000)
 Metaspace       used 8542K, committed 8832K, reserved 1114112K
  class space    used 897K, committed 1024K, reserved 1048576K

Card table byte_map: [0x000001a7d5860000,0x000001a7d5c70000] _byte_map_base: 0x000001a7d5460000

Marking Bits: (ParMarkBitMap*) 0x00007ff9ecad44a0
 Begin Bits: [0x000001a7e8370000, 0x000001a7ea370000)
 End Bits:   [0x000001a7ea370000, 0x000001a7ec370000)

Polling page: 0x000001a7d3d40000

Metaspace:

Usage:
  Non-class:      7.47 MB used.
      Class:    897.81 KB used.
       Both:      8.34 MB used.

Virtual space:
  Non-class space:       64.00 MB reserved,       7.62 MB ( 12%) committed,  1 nodes.
      Class space:        1.00 GB reserved,       1.00 MB ( <1%) committed,  1 nodes.
             Both:        1.06 GB reserved,       8.62 MB ( <1%) committed. 

Chunk freelists:
   Non-Class:  8.06 MB
       Class:  14.88 MB
        Both:  22.94 MB

MaxMetaspaceSize: unlimited
CompressedClassSpaceSize: 1.00 GB
Initial GC threshold: 21.00 MB
Current GC threshold: 21.00 MB
CDS: on
 - commit_granule_bytes: 65536.
 - commit_granule_words: 8192.
 - virtual_space_node_default_size: 8388608.
 - enlarge_chunks_in_place: 1.
 - use_allocation_guard: 0.


Internal statistics:

num_allocs_failed_limit: 0.
num_arena_births: 226.
num_arena_deaths: 0.
num_vsnodes_births: 2.
num_vsnodes_deaths: 0.
num_space_committed: 138.
num_space_uncommitted: 0.
num_chunks_returned_to_freelist: 0.
num_chunks_taken_from_freelist: 425.
num_chunk_merges: 0.
num_chunk_splits: 274.
num_chunks_enlarged: 187.
num_inconsistent_stats: 0.

CodeHeap 'non-profiled nmethods': size=120000Kb used=750Kb max_used=750Kb free=119249Kb
 bounds [0x000001a7e0b90000, 0x000001a7e0e00000, 0x000001a7e80c0000]
CodeHeap 'profiled nmethods': size=120000Kb used=3327Kb max_used=3327Kb free=116672Kb
 bounds [0x000001a7d90c0000, 0x000001a7d9400000, 0x000001a7e05f0000]
CodeHeap 'non-nmethods': size=5760Kb used=1217Kb max_used=1232Kb free=4542Kb
 bounds [0x000001a7e05f0000, 0x000001a7e0860000, 0x000001a7e0b90000]
CodeCache: size=245760Kb, used=5294Kb, max_used=5309Kb, free=240463Kb
 total_blobs=2303, nmethods=1822, adapters=387, full_count=0
Compilation: enabled, stopped_count=0, restarted_count=0

Compilation events (20 events):
Event: 43.065 Thread 0x000001a7d5e16390 nmethod 1816 0x000001a7d93ff110 code [0x000001a7d93ff2a0, 0x000001a7d93ff400]
Event: 43.065 Thread 0x000001a7d5e16390 1817       3       java.util.regex.Matcher::find (69 bytes)
Event: 43.065 Thread 0x000001a7d5e16390 nmethod 1817 0x000001a7d93ff490 code [0x000001a7d93ff660, 0x000001a7d93ff938]
Event: 43.065 Thread 0x000001a7d5e16390 1818       3       java.util.regex.Pattern$Start::match (90 bytes)
Event: 43.066 Thread 0x000001a7d5e16390 nmethod 1818 0x000001a7e0c47f10 code [0x000001a7e0c480e0, 0x000001a7e0c484d0]
Event: 43.066 Thread 0x000001a7d5e16390 1819       3       java.lang.String::subSequence (7 bytes)
Event: 43.066 Thread 0x000001a7d5e16390 nmethod 1819 0x000001a7d93ffa10 code [0x000001a7d93ffbc0, 0x000001a7d93ffcf8]
Event: 43.066 Thread 0x000001a7d5e16390 1821       3       java.util.regex.Matcher::start (9 bytes)
Event: 43.066 Thread 0x000001a7d5e16390 nmethod 1821 0x000001a7e0c48690 code [0x000001a7e0c48860, 0x000001a7e0c48b98]
Event: 43.066 Thread 0x000001a7d5e16390 1820       3       java.util.regex.Pattern$LastNode::match (45 bytes)
Event: 43.067 Thread 0x000001a7d5e16390 nmethod 1820 0x000001a7e0c48d10 code [0x000001a7e0c48ec0, 0x000001a7e0c490c0]
Event: 43.067 Thread 0x000001a7d5e16390 1822       3       java.util.regex.Matcher::end (9 bytes)
Event: 43.067 Thread 0x000001a7d5da6660 1823       4       java.util.regex.Pattern$$Lambda/0x800000028::is (9 bytes)
Event: 43.067 Thread 0x000001a7d5e16390 nmethod 1822 0x000001a7e0c49210 code [0x000001a7e0c493e0, 0x000001a7e0c49718]
Event: 43.068 Thread 0x000001a7d5da6660 nmethod 1823 0x000001a7e0c49890 code [0x000001a7e0c49a20, 0x000001a7e0c49ab8]
Event: 43.069 Thread 0x000001a7d5da6660 1824       4       java.util.regex.Pattern$BmpCharPropertyGreedy::match (89 bytes)
Event: 43.076 Thread 0x000001a7d5da6660 nmethod 1824 0x000001a7e0c49b90 code [0x000001a7e0c49d60, 0x000001a7e0c4a218]
Event: 43.077 Thread 0x000001a7d5da6660 1825       4       java.util.regex.Matcher::search (154 bytes)
Event: 43.077 Thread 0x000001a7d5e16390 1826       3       java.util.ImmutableCollections$SetN::<init> (90 bytes)
Event: 43.079 Thread 0x000001a7d5e16390 nmethod 1826 0x000001a7e0c4a610 code [0x000001a7e0c4a8c0, 0x000001a7e0c4b558]

GC Heap History (4 events):
Event: 7.508 GC heap before
{Heap before GC invocations=1 (full 0):
 PSYoungGen      total 29696K, used 25600K [0x00000000d5580000, 0x00000000d7680000, 0x0000000100000000)
  eden space 25600K, 100% used [0x00000000d5580000,0x00000000d6e80000,0x00000000d6e80000)
  from space 4096K, 0% used [0x00000000d7280000,0x00000000d7280000,0x00000000d7680000)
  to   space 4096K, 0% used [0x00000000d6e80000,0x00000000d6e80000,0x00000000d7280000)
 ParOldGen       total 68608K, used 0K [0x0000000080000000, 0x0000000084300000, 0x00000000d5580000)
  object space 68608K, 0% used [0x0000000080000000,0x0000000080000000,0x0000000084300000)
 Metaspace       used 4522K, committed 4736K, reserved 1114112K
  class space    used 494K, committed 576K, reserved 1048576K
}
Event: 7.582 GC heap after
{Heap after GC invocations=1 (full 0):
 PSYoungGen      total 29696K, used 3271K [0x00000000d5580000, 0x00000000d7680000, 0x0000000100000000)
  eden space 25600K, 0% used [0x00000000d5580000,0x00000000d5580000,0x00000000d6e80000)
  from space 4096K, 79% used [0x00000000d6e80000,0x00000000d71b1e98,0x00000000d7280000)
  to   space 4096K, 0% used [0x00000000d7280000,0x00000000d7280000,0x00000000d7680000)
 ParOldGen       total 68608K, used 0K [0x0000000080000000, 0x0000000084300000, 0x00000000d5580000)
  object space 68608K, 0% used [0x0000000080000000,0x0000000080000000,0x0000000084300000)
 Metaspace       used 4522K, committed 4736K, reserved 1114112K
  class space    used 494K, committed 576K, reserved 1048576K
}
Event: 42.935 GC heap before
{Heap before GC invocations=2 (full 0):
 PSYoungGen      total 29696K, used 28871K [0x00000000d5580000, 0x00000000d7680000, 0x0000000100000000)
  eden space 25600K, 100% used [0x00000000d5580000,0x00000000d6e80000,0x00000000d6e80000)
  from space 4096K, 79% used [0x00000000d6e80000,0x00000000d71b1e98,0x00000000d7280000)
  to   space 4096K, 0% used [0x00000000d7280000,0x00000000d7280000,0x00000000d7680000)
 ParOldGen       total 68608K, used 0K [0x0000000080000000, 0x0000000084300000, 0x00000000d5580000)
  object space 68608K, 0% used [0x0000000080000000,0x0000000080000000,0x0000000084300000)
 Metaspace       used 8480K, committed 8768K, reserved 1114112K
  class space    used 892K, committed 1024K, reserved 1048576K
}
Event: 42.944 GC heap after
{Heap after GC invocations=2 (full 0):
 PSYoungGen      total 29696K, used 4093K [0x00000000d5580000, 0x00000000d7680000, 0x0000000100000000)
  eden space 25600K, 0% used [0x00000000d5580000,0x00000000d5580000,0x00000000d6e80000)
  from space 4096K, 99% used [0x00000000d7280000,0x00000000d767f570,0x00000000d7680000)
  to   space 4096K, 0% used [0x00000000d6e80000,0x00000000d6e80000,0x00000000d7280000)
 ParOldGen       total 68608K, used 210K [0x0000000080000000, 0x0000000084300000, 0x00000000d5580000)
  object space 68608K, 0% used [0x0000000080000000,0x0000000080034938,0x0000000084300000)
 Metaspace       used 8480K, committed 8768K, reserved 1114112K
  class space    used 892K, committed 1024K, reserved 1048576K
}

Dll operation events (16 events):
Event: 0.045 Attempting to load shared library c:\Users\webdeveloper\.vscode\extensions\redhat.java-1.56.0-win32-x64\jre\21.0.12.1-win32-x86_64\bin\java.dll
Event: 0.045 Loaded shared library c:\Users\webdeveloper\.vscode\extensions\redhat.java-1.56.0-win32-x64\jre\21.0.12.1-win32-x86_64\bin\java.dll
Event: 0.936 Attempting to load shared library c:\Users\webdeveloper\.vscode\extensions\redhat.java-1.56.0-win32-x64\jre\21.0.12.1-win32-x86_64\bin\zip.dll
Event: 0.937 Loaded shared library c:\Users\webdeveloper\.vscode\extensions\redhat.java-1.56.0-win32-x64\jre\21.0.12.1-win32-x86_64\bin\zip.dll
Event: 1.313 Attempting to load shared library C:\Users\webdeveloper\.vscode\extensions\redhat.java-1.56.0-win32-x64\jre\21.0.12.1-win32-x86_64\bin\instrument.dll
Event: 1.313 Loaded shared library C:\Users\webdeveloper\.vscode\extensions\redhat.java-1.56.0-win32-x64\jre\21.0.12.1-win32-x86_64\bin\instrument.dll
Event: 1.400 Attempting to load shared library C:\Users\webdeveloper\.vscode\extensions\redhat.java-1.56.0-win32-x64\jre\21.0.12.1-win32-x86_64\bin\net.dll
Event: 1.404 Loaded shared library C:\Users\webdeveloper\.vscode\extensions\redhat.java-1.56.0-win32-x64\jre\21.0.12.1-win32-x86_64\bin\net.dll
Event: 1.409 Attempting to load shared library C:\Users\webdeveloper\.vscode\extensions\redhat.java-1.56.0-win32-x64\jre\21.0.12.1-win32-x86_64\bin\nio.dll
Event: 1.411 Loaded shared library C:\Users\webdeveloper\.vscode\extensions\redhat.java-1.56.0-win32-x64\jre\21.0.12.1-win32-x86_64\bin\nio.dll
Event: 1.418 Attempting to load shared library C:\Users\webdeveloper\.vscode\extensions\redhat.java-1.56.0-win32-x64\jre\21.0.12.1-win32-x86_64\bin\zip.dll
Event: 1.418 Loaded shared library C:\Users\webdeveloper\.vscode\extensions\redhat.java-1.56.0-win32-x64\jre\21.0.12.1-win32-x86_64\bin\zip.dll
Event: 1.572 Attempting to load shared library C:\Users\webdeveloper\.vscode\extensions\redhat.java-1.56.0-win32-x64\jre\21.0.12.1-win32-x86_64\bin\jimage.dll
Event: 1.572 Loaded shared library C:\Users\webdeveloper\.vscode\extensions\redhat.java-1.56.0-win32-x64\jre\21.0.12.1-win32-x86_64\bin\jimage.dll
Event: 2.604 Attempting to load shared library c:\Users\webdeveloper\.vscode\extensions\redhat.java-1.56.0-win32-x64\jre\21.0.12.1-win32-x86_64\bin\verify.dll
Event: 2.605 Loaded shared library c:\Users\webdeveloper\.vscode\extensions\redhat.java-1.56.0-win32-x64\jre\21.0.12.1-win32-x86_64\bin\verify.dll

Deoptimization events (20 events):
Event: 42.231 Thread 0x000001a7d5df2a10 Uncommon trap: trap_request=0xffffffc6 fr.pc=0x000001a7e0c384c4 relative=0x0000000000000b44
Event: 42.231 Thread 0x000001a7d5df2a10 Uncommon trap: reason=bimorphic_or_optimized_type_check action=maybe_recompile pc=0x000001a7e0c384c4 method=java.util.HashMap.putVal(ILjava/lang/Object;Ljava/lang/Object;ZZ)Ljava/lang/Object; @ 91 c2
Event: 42.231 Thread 0x000001a7d5df2a10 DEOPT PACKING pc=0x000001a7e0c384c4 sp=0x00000067481feba0
Event: 42.231 Thread 0x000001a7d5df2a10 DEOPT UNPACKING pc=0x000001a7e0643aa2 sp=0x00000067481feb30 mode 2
Event: 42.273 Thread 0x000001a7d5df2a10 Uncommon trap: trap_request=0xffffff45 fr.pc=0x000001a7e0c34100 relative=0x0000000000000140
Event: 42.273 Thread 0x000001a7d5df2a10 Uncommon trap: reason=unstable_if action=reinterpret pc=0x000001a7e0c34100 method=java.util.HashMap.getNode(Ljava/lang/Object;)Ljava/util/HashMap$Node; @ 66 c2
Event: 42.273 Thread 0x000001a7d5df2a10 DEOPT PACKING pc=0x000001a7e0c34100 sp=0x00000067481fed40
Event: 42.273 Thread 0x000001a7d5df2a10 DEOPT UNPACKING pc=0x000001a7e0643aa2 sp=0x00000067481fec40 mode 2
Event: 42.633 Thread 0x000001a7d5df2a10 Uncommon trap: trap_request=0xffffff45 fr.pc=0x000001a7e0c2b400 relative=0x0000000000000140
Event: 42.633 Thread 0x000001a7d5df2a10 Uncommon trap: reason=unstable_if action=reinterpret pc=0x000001a7e0c2b400 method=java.util.HashMap.getNode(Ljava/lang/Object;)Ljava/util/HashMap$Node; @ 66 c2
Event: 42.633 Thread 0x000001a7d5df2a10 DEOPT PACKING pc=0x000001a7e0c2b400 sp=0x00000067481fed10
Event: 42.633 Thread 0x000001a7d5df2a10 DEOPT UNPACKING pc=0x000001a7e0643aa2 sp=0x00000067481fec80 mode 2
Event: 42.633 Thread 0x000001a7d5df2a10 Uncommon trap: trap_request=0xffffff45 fr.pc=0x000001a7e0c421b8 relative=0x0000000000000c58
Event: 42.633 Thread 0x000001a7d5df2a10 Uncommon trap: reason=unstable_if action=reinterpret pc=0x000001a7e0c421b8 method=java.util.HashMap.putVal(ILjava/lang/Object;Ljava/lang/Object;ZZ)Ljava/lang/Object; @ 94 c2
Event: 42.633 Thread 0x000001a7d5df2a10 DEOPT PACKING pc=0x000001a7e0c421b8 sp=0x00000067481fecf0
Event: 42.633 Thread 0x000001a7d5df2a10 DEOPT UNPACKING pc=0x000001a7e0643aa2 sp=0x00000067481fec18 mode 2
Event: 42.903 Thread 0x000001a7d5df2a10 Uncommon trap: trap_request=0xffffff45 fr.pc=0x000001a7e0c0d4b4 relative=0x0000000000000094
Event: 42.903 Thread 0x000001a7d5df2a10 Uncommon trap: reason=unstable_if action=reinterpret pc=0x000001a7e0c0d4b4 method=java.io.BufferedInputStream.getBufIfOpen(Z)[B @ 13 c2
Event: 42.903 Thread 0x000001a7d5df2a10 DEOPT PACKING pc=0x000001a7e0c0d4b4 sp=0x00000067481fd830
Event: 42.904 Thread 0x000001a7d5df2a10 DEOPT UNPACKING pc=0x000001a7e0643aa2 sp=0x00000067481fd7b0 mode 2

Classes loaded (20 events):
Event: 42.649 Loading class java/io/FileOutputStream$1
Event: 42.650 Loading class java/io/FileOutputStream$1 done
Event: 42.658 Loading class sun/nio/cs/ISO_8859_1$Encoder
Event: 42.660 Loading class sun/nio/cs/ISO_8859_1$Encoder done
Event: 42.660 Loading class sun/nio/cs/Surrogate$Parser
Event: 42.661 Loading class sun/nio/cs/Surrogate$Parser done
Event: 42.661 Loading class sun/nio/cs/Surrogate
Event: 42.661 Loading class sun/nio/cs/Surrogate done
Event: 42.935 Loading class sun/util/calendar/ZoneInfoFile$Checksum
Event: 42.948 Loading class sun/util/calendar/ZoneInfoFile$Checksum done
Event: 42.953 Loading class sun/util/locale/provider/TimeZoneNameUtility
Event: 42.953 Loading class sun/util/locale/provider/TimeZoneNameUtility done
Event: 42.957 Loading class sun/util/locale/provider/TimeZoneNameUtility$TimeZoneNameGetter
Event: 42.958 Loading class sun/util/locale/provider/TimeZoneNameUtility$TimeZoneNameGetter done
Event: 42.977 Loading class jdk/internal/module/ModulePatcher$PatchedModuleReader
Event: 42.978 Loading class jdk/internal/module/ModulePatcher$PatchedModuleReader done
Event: 42.983 Loading class sun/util/cldr/CLDRTimeZoneNameProviderImpl
Event: 42.983 Loading class sun/util/locale/provider/TimeZoneNameProviderImpl
Event: 42.983 Loading class sun/util/locale/provider/TimeZoneNameProviderImpl done
Event: 42.983 Loading class sun/util/cldr/CLDRTimeZoneNameProviderImpl done

Classes unloaded (0 events):
No events

Classes redefined (0 events):
No events

Internal exceptions (20 events):
Event: 7.145 Thread 0x000001a7d3b74c40 Exception <a 'java/lang/NoSuchMethodError'{0x00000000d6ada9f8}: 'java.lang.ClassLoader java.lang.ClassLoader.getPlatformClassLoader(java.lang.Class)'> (0x00000000d6ada9f8) 
thrown [s\src\hotspot\share\interpreter\linkResolver.cpp, line 773]
Event: 7.638 Thread 0x000001a7d3b74c40 Exception <a 'java/lang/ClassNotFoundException'{0x00000000d565a8a0}: sun/net/www/protocol/c/Handler> (0x00000000d565a8a0) 
thrown [s\src\hotspot\share\classfile\systemDictionary.cpp, line 313]
Event: 7.639 Thread 0x000001a7d3b74c40 Exception <a 'java/lang/ClassNotFoundException'{0x00000000d565bc60}: sun/net/www/protocol/c/Handler> (0x00000000d565bc60) 
thrown [s\src\hotspot\share\classfile\systemDictionary.cpp, line 313]
Event: 7.640 Thread 0x000001a7d3b74c40 Exception <a 'java/lang/ClassNotFoundException'{0x00000000d565ce48}: sun/net/www/protocol/c/Handler> (0x00000000d565ce48) 
thrown [s\src\hotspot\share\classfile\systemDictionary.cpp, line 313]
Event: 7.894 Thread 0x000001a7d3b74c40 Exception <a 'java/io/FileNotFoundException'{0x00000000d5686608}> (0x00000000d5686608) 
thrown [s\src\hotspot\share\prims\jni.cpp, line 520]
Event: 8.360 Thread 0x000001a7d3b74c40 Implicit null exception at 0x000001a7e0bf3d49 to 0x000001a7e0bf46b0
Event: 8.361 Thread 0x000001a7d3b74c40 Implicit null exception at 0x000001a7e0bf809a to 0x000001a7e0bf829c
Event: 8.362 Thread 0x000001a7d3b74c40 Exception <a 'java/lang/NoSuchMethodError'{0x00000000d57bbca8}: 'void java.lang.invoke.DirectMethodHandle$Holder.invokeStatic(java.lang.Object, java.lang.Object, java.lang.Object, java.lang.Object)'> (0x00000000d57bbca8) 
thrown [s\src\hotspot\share\interpreter\linkResolver.cpp, line 773]
Event: 8.365 Thread 0x000001a7d3b74c40 Implicit null exception at 0x000001a7e0bf169a to 0x000001a7e0bf1894
Event: 8.365 Thread 0x000001a7d3b74c40 Implicit null exception at 0x000001a7e0be763d to 0x000001a7e0be76c1
Event: 9.111 Thread 0x000001a7d3b74c40 Exception <a 'java/lang/NoSuchMethodError'{0x00000000d5bc6a30}: 'int java.lang.invoke.DirectMethodHandle$Holder.invokeVirtual(java.lang.Object, java.lang.Object)'> (0x00000000d5bc6a30) 
thrown [s\src\hotspot\share\interpreter\linkResolver.cpp, line 773]
Event: 11.704 Thread 0x000001a7d3b74c40 Exception <a 'java/lang/IncompatibleClassChangeError'{0x00000000d6620358}: Found class java.lang.Object, but interface was expected> (0x00000000d6620358) 
thrown [s\src\hotspot\share\interpreter\linkResolver.cpp, line 840]
Event: 11.710 Thread 0x000001a7d3b74c40 Exception <a 'java/lang/NoSuchMethodError'{0x00000000d6628f38}: 'void java.lang.invoke.DirectMethodHandle$Holder.invokeInterface(java.lang.Object, java.lang.Object, java.lang.Object)'> (0x00000000d6628f38) 
thrown [s\src\hotspot\share\interpreter\linkResolver.cpp, line 773]
Event: 12.012 Thread 0x000001a7d3b74c40 Exception <a 'java/lang/NoSuchMethodError'{0x00000000d67f5b68}: 'int java.lang.invoke.DirectMethodHandle$Holder.invokeStaticInit(java.lang.Object, java.lang.Object, java.lang.Object, java.lang.Object)'> (0x00000000d67f5b68) 
thrown [s\src\hotspot\share\interpreter\linkResolver.cpp, line 773]
Event: 12.019 Thread 0x000001a7d3b74c40 Exception <a 'java/lang/NoSuchMethodError'{0x00000000d6800418}: 'void java.lang.invoke.DirectMethodHandle$Holder.invokeStaticInit(java.lang.Object, java.lang.Object)'> (0x00000000d6800418) 
thrown [s\src\hotspot\share\interpreter\linkResolver.cpp, line 773]
Event: 12.021 Thread 0x000001a7d3b74c40 Exception <a 'java/lang/NoSuchMethodError'{0x00000000d68058d8}: 'int java.lang.invoke.DirectMethodHandle$Holder.invokeStaticInit(java.lang.Object, java.lang.Object)'> (0x00000000d68058d8) 
thrown [s\src\hotspot\share\interpreter\linkResolver.cpp, line 773]
Event: 12.253 Thread 0x000001a7d3b74c40 Exception <a 'java/lang/NoSuchMethodError'{0x00000000d69f3a38}: 'java.lang.Object java.lang.invoke.DirectMethodHandle$Holder.newInvokeSpecial(java.lang.Object, int, java.lang.Object)'> (0x00000000d69f3a38) 
thrown [s\src\hotspot\share\interpreter\linkResolver.cpp, line 773]
Event: 12.780 Thread 0x000001a7d3b74c40 Exception <a 'java/lang/ClassNotFoundException'{0x00000000d6b79060}: sun/net/www/protocol/plurl/Handler> (0x00000000d6b79060) 
thrown [s\src\hotspot\share\classfile\systemDictionary.cpp, line 313]
Event: 12.780 Thread 0x000001a7d3b74c40 Exception <a 'java/lang/ClassNotFoundException'{0x00000000d6b79ee0}: sun/net/www/protocol/plurl/Handler> (0x00000000d6b79ee0) 
thrown [s\src\hotspot\share\classfile\systemDictionary.cpp, line 313]
Event: 12.801 Thread 0x000001a7d3b74c40 Exception <a 'java/lang/NoSuchMethodError'{0x00000000d6bba378}: 'void java.lang.invoke.DirectMethodHandle$Holder.invokeSpecial(java.lang.Object, java.lang.Object, java.lang.Object)'> (0x00000000d6bba378) 
thrown [s\src\hotspot\share\interpreter\linkResolver.cpp, line 773]

ZGC Phase Switch (0 events):
No events

VM Operations (20 events):
Event: 9.599 Executing safepoint VM operation: Cleanup
Event: 9.686 Executing safepoint VM operation: Cleanup done
Event: 11.686 Executing safepoint VM operation: Cleanup
Event: 11.702 Executing safepoint VM operation: Cleanup done
Event: 12.137 Executing non-safepoint VM operation: HandshakeAllThreads (Deoptimize)
Event: 12.148 Executing non-safepoint VM operation: HandshakeAllThreads (Deoptimize) done
Event: 12.638 Executing non-safepoint VM operation: HandshakeAllThreads (Deoptimize)
Event: 12.638 Executing non-safepoint VM operation: HandshakeAllThreads (Deoptimize) done
Event: 13.643 Executing safepoint VM operation: Cleanup
Event: 13.643 Executing safepoint VM operation: Cleanup done
Event: 21.677 Executing safepoint VM operation: Cleanup
Event: 21.677 Executing safepoint VM operation: Cleanup done
Event: 42.806 Executing safepoint VM operation: Cleanup
Event: 42.806 Executing safepoint VM operation: Cleanup done
Event: 42.935 Executing safepoint VM operation: ParallelGCFailedAllocation (Allocation Failure)
Event: 42.944 Executing safepoint VM operation: ParallelGCFailedAllocation (Allocation Failure) done
Event: 42.948 Executing non-safepoint VM operation: HandshakeAllThreads (Deoptimize)
Event: 42.948 Executing non-safepoint VM operation: HandshakeAllThreads (Deoptimize) done
Event: 42.978 Executing non-safepoint VM operation: HandshakeAllThreads (Deoptimize)
Event: 42.978 Executing non-safepoint VM operation: HandshakeAllThreads (Deoptimize) done

Memory protections (0 events):
No events

Nmethod flushes (0 events):
No events

Events (20 events):
Event: 0.359 Thread 0x000001a7d3b74c40 Thread added: 0x000001a7d5da0a50
Event: 0.359 Thread 0x000001a7d3b74c40 Thread added: 0x000001a7d5da2420
Event: 0.360 Thread 0x000001a7d3b74c40 Thread added: 0x000001a7d5da3140
Event: 0.360 Thread 0x000001a7d3b74c40 Thread added: 0x000001a7d5da3e60
Event: 0.360 Thread 0x000001a7d3b74c40 Thread added: 0x000001a7d5da58d0
Event: 0.360 Thread 0x000001a7d3b74c40 Thread added: 0x000001a7d5da6660
Event: 0.412 Thread 0x000001a7d3b74c40 Thread added: 0x000001a7d5e16390
Event: 1.391 Thread 0x000001a7d3b74c40 Thread added: 0x000001a7ed539050
Event: 2.752 Thread 0x000001a7d3b74c40 Thread added: 0x000001a7ed68bf10
Event: 6.806 Thread 0x000001a7d5e16390 Thread added: 0x000001a7f21a5680
Event: 6.966 Thread 0x000001a7f21a5680 Thread exited: 0x000001a7f21a5680
Event: 11.575 Thread 0x000001a7d3b74c40 Thread added: 0x000001a7f24b6d40
Event: 11.585 Thread 0x000001a7f24b6d40 Thread added: 0x000001a7f24b73b0
Event: 11.595 Thread 0x000001a7d3b74c40 Thread added: 0x000001a7f24b7a20
Event: 11.658 Thread 0x000001a7d3b74c40 Thread added: 0x000001a7f213ead0
Event: 12.120 Thread 0x000001a7d3b74c40 Thread added: 0x000001a7d5df2a10
Event: 21.599 Thread 0x000001a7f24b73b0 Thread exited: 0x000001a7f24b73b0
Event: 21.599 Thread 0x000001a7f24b6d40 Thread exited: 0x000001a7f24b6d40
Event: 21.693 Thread 0x000001a7f213ead0 Thread exited: 0x000001a7f213ead0
Event: 21.693 Thread 0x000001a7f24b7a20 Thread exited: 0x000001a7f24b7a20


Dynamic libraries:
0x00007ff6fe160000 - 0x00007ff6fe16e000 	c:\Users\webdeveloper\.vscode\extensions\redhat.java-1.56.0-win32-x64\jre\21.0.12.1-win32-x86_64\bin\java.exe
0x00007ffa30ad0000 - 0x00007ffa30cc8000 	C:\WINDOWS\SYSTEM32\ntdll.dll
0x00007ffa2f290000 - 0x00007ffa2f352000 	C:\WINDOWS\System32\KERNEL32.DLL
0x00007ffa2e320000 - 0x00007ffa2e616000 	C:\WINDOWS\System32\KERNELBASE.dll
0x00007ffa2e800000 - 0x00007ffa2e900000 	C:\WINDOWS\System32\ucrtbase.dll
0x00007ffa28440000 - 0x00007ffa28458000 	c:\Users\webdeveloper\.vscode\extensions\redhat.java-1.56.0-win32-x64\jre\21.0.12.1-win32-x86_64\bin\jli.dll
0x00007ffa2f4c0000 - 0x00007ffa2f661000 	C:\WINDOWS\System32\USER32.dll
0x00007ffa2e720000 - 0x00007ffa2e742000 	C:\WINDOWS\System32\win32u.dll
0x00007ffa2f9c0000 - 0x00007ffa2f9eb000 	C:\WINDOWS\System32\GDI32.dll
0x00007ffa2e200000 - 0x00007ffa2e319000 	C:\WINDOWS\System32\gdi32full.dll
0x00007ffa2e160000 - 0x00007ffa2e1fd000 	C:\WINDOWS\System32\msvcp_win.dll
0x00007ffa1e850000 - 0x00007ffa1eaeb000 	C:\WINDOWS\WinSxS\amd64_microsoft.windows.common-controls_6595b64144ccf1df_6.0.19041.6456_none_60b8a6cb71f64256\COMCTL32.dll
0x00007ffa2eb50000 - 0x00007ffa2ebee000 	C:\WINDOWS\System32\msvcrt.dll
0x00007ffa28e50000 - 0x00007ffa28e6e000 	c:\Users\webdeveloper\.vscode\extensions\redhat.java-1.56.0-win32-x64\jre\21.0.12.1-win32-x86_64\bin\VCRUNTIME140.dll
0x00007ffa30320000 - 0x00007ffa3034f000 	C:\WINDOWS\System32\IMM32.DLL
0x00007ffa27900000 - 0x00007ffa2790c000 	c:\Users\webdeveloper\.vscode\extensions\redhat.java-1.56.0-win32-x64\jre\21.0.12.1-win32-x86_64\bin\vcruntime140_1.dll
0x00007ffa0a500000 - 0x00007ffa0a58d000 	c:\Users\webdeveloper\.vscode\extensions\redhat.java-1.56.0-win32-x64\jre\21.0.12.1-win32-x86_64\bin\msvcp140.dll
0x00007ff9ebe10000 - 0x00007ff9ecbb2000 	c:\Users\webdeveloper\.vscode\extensions\redhat.java-1.56.0-win32-x64\jre\21.0.12.1-win32-x86_64\bin\server\jvm.dll
0x00007ffa2f7c0000 - 0x00007ffa2f871000 	C:\WINDOWS\System32\ADVAPI32.dll
0x00007ffa309f0000 - 0x00007ffa30a8f000 	C:\WINDOWS\System32\sechost.dll
0x00007ffa307c0000 - 0x00007ffa308e0000 	C:\WINDOWS\System32\RPCRT4.dll
0x00007ffa2e6a0000 - 0x00007ffa2e6c7000 	C:\WINDOWS\System32\bcrypt.dll
0x00007ffa2f750000 - 0x00007ffa2f7bb000 	C:\WINDOWS\System32\WS2_32.dll
0x00007ffa2d6b0000 - 0x00007ffa2d6fb000 	C:\WINDOWS\SYSTEM32\POWRPROF.dll
0x00007ffa1bf40000 - 0x00007ffa1bf67000 	C:\WINDOWS\SYSTEM32\WINMM.dll
0x00007ffa21840000 - 0x00007ffa2184a000 	C:\WINDOWS\SYSTEM32\VERSION.dll
0x00007ffa2d520000 - 0x00007ffa2d532000 	C:\WINDOWS\SYSTEM32\UMPDC.dll
0x00007ffa2bf90000 - 0x00007ffa2bfa2000 	C:\WINDOWS\SYSTEM32\kernel.appcore.dll
0x00007ffa278f0000 - 0x00007ffa278fa000 	c:\Users\webdeveloper\.vscode\extensions\redhat.java-1.56.0-win32-x64\jre\21.0.12.1-win32-x86_64\bin\jimage.dll
0x00007ffa1b150000 - 0x00007ffa1b351000 	C:\WINDOWS\SYSTEM32\DBGHELP.DLL
0x00007ffa12330000 - 0x00007ffa12364000 	C:\WINDOWS\SYSTEM32\dbgcore.DLL
0x00007ffa2ea60000 - 0x00007ffa2eae2000 	C:\WINDOWS\System32\bcryptPrimitives.dll
0x00007ffa1e310000 - 0x00007ffa1e31f000 	c:\Users\webdeveloper\.vscode\extensions\redhat.java-1.56.0-win32-x64\jre\21.0.12.1-win32-x86_64\bin\instrument.dll
0x00007ffa26060000 - 0x00007ffa26080000 	c:\Users\webdeveloper\.vscode\extensions\redhat.java-1.56.0-win32-x64\jre\21.0.12.1-win32-x86_64\bin\java.dll
0x00007ffa2fa00000 - 0x00007ffa30170000 	C:\WINDOWS\System32\SHELL32.dll
0x00007ffa2c190000 - 0x00007ffa2c935000 	C:\WINDOWS\SYSTEM32\windows.storage.dll
0x00007ffa2ef30000 - 0x00007ffa2f284000 	C:\WINDOWS\System32\combase.dll
0x00007ffa2dab0000 - 0x00007ffa2dadb000 	C:\WINDOWS\SYSTEM32\Wldp.dll
0x00007ffa2f8f0000 - 0x00007ffa2f9bd000 	C:\WINDOWS\System32\OLEAUT32.dll
0x00007ffa308e0000 - 0x00007ffa3098d000 	C:\WINDOWS\System32\SHCORE.dll
0x00007ffa2eed0000 - 0x00007ffa2ef2b000 	C:\WINDOWS\System32\shlwapi.dll
0x00007ffa2e090000 - 0x00007ffa2e0b4000 	C:\WINDOWS\SYSTEM32\profapi.dll
0x00007ffa1eaf0000 - 0x00007ffa1eb08000 	c:\Users\webdeveloper\.vscode\extensions\redhat.java-1.56.0-win32-x64\jre\21.0.12.1-win32-x86_64\bin\zip.dll
0x00007ffa26130000 - 0x00007ffa26140000 	C:\Users\webdeveloper\.vscode\extensions\redhat.java-1.56.0-win32-x64\jre\21.0.12.1-win32-x86_64\bin\net.dll
0x00007ffa22d50000 - 0x00007ffa22e5a000 	C:\WINDOWS\SYSTEM32\WINHTTP.dll
0x00007ffa2d890000 - 0x00007ffa2d8fa000 	C:\WINDOWS\system32\mswsock.dll
0x00007ffa1e0b0000 - 0x00007ffa1e0c6000 	C:\Users\webdeveloper\.vscode\extensions\redhat.java-1.56.0-win32-x64\jre\21.0.12.1-win32-x86_64\bin\nio.dll
0x00007ffa1e120000 - 0x00007ffa1e130000 	c:\Users\webdeveloper\.vscode\extensions\redhat.java-1.56.0-win32-x64\jre\21.0.12.1-win32-x86_64\bin\verify.dll

JVMTI agents:
c:\Users\webdeveloper\.vscode\extensions\redhat.java-1.56.0-win32-x64\lombok\lombok-1.18.39-4050.jar path:c:\Users\webdeveloper\.vscode\extensions\redhat.java-1.56.0-win32-x64\jre\21.0.12.1-win32-x86_64\bin\instrument.dll, loaded, initialized, instrumentlib options:none

dbghelp: loaded successfully - version: 4.0.5 - missing functions: none
symbol engine: initialized successfully - sym options: 0x614 - pdb path: .;c:\Users\webdeveloper\.vscode\extensions\redhat.java-1.56.0-win32-x64\jre\21.0.12.1-win32-x86_64\bin;C:\WINDOWS\SYSTEM32;C:\WINDOWS\WinSxS\amd64_microsoft.windows.common-controls_6595b64144ccf1df_6.0.19041.6456_none_60b8a6cb71f64256;c:\Users\webdeveloper\.vscode\extensions\redhat.java-1.56.0-win32-x64\jre\21.0.12.1-win32-x86_64\bin\server

VM Arguments:
jvm_args: --add-modules=ALL-SYSTEM --add-opens=java.base/java.util=ALL-UNNAMED --add-opens=java.base/java.lang=ALL-UNNAMED --add-opens=java.base/sun.nio.fs=ALL-UNNAMED -Declipse.application=org.eclipse.jdt.ls.core.id1 -Dosgi.bundles.defaultStartLevel=4 -Declipse.product=org.eclipse.jdt.ls.core.product -Djava.import.generatesMetadataFilesAtProjectRoot=false -Dm2e.project.cache.size=50 -DDetectVMInstallationsJob.disabled=true -Dfile.encoding=utf8 -XX:+UseParallelGC -XX:GCTimeRatio=4 -XX:AdaptiveSizePolicyWeight=90 -Dsun.zip.disableMemoryMapping=true -Xmx2G -Xms100m -Xlog:disable -javaagent:c:\Users\webdeveloper\.vscode\extensions\redhat.java-1.56.0-win32-x64\lombok\lombok-1.18.39-4050.jar -XX:+HeapDumpOnOutOfMemoryError -XX:HeapDumpPath=c:\Users\webdeveloper\AppData\Roaming\Code\User\workspaceStorage\01fd16c54d8b3da8c8afaafb36d14ee5\redhat.java -Daether.dependencyCollector.impl=bf 
java_command: c:\Users\webdeveloper\.vscode\extensions\redhat.java-1.56.0-win32-x64\server\plugins\org.eclipse.equinox.launcher_1.8.0.v20260804-1928.jar -configuration c:\Users\webdeveloper\AppData\Roaming\Code\User\globalStorage\redhat.java\1.56.0\config_win -data c:\Users\webdeveloper\AppData\Roaming\Code\User\workspaceStorage\01fd16c54d8b3da8c8afaafb36d14ee5\redhat.java\jdt_ws --pipe=\\.\pipe\lsp-fc1b6b59808ed3b2eb4802d16c8e1b01-sock
java_class_path (initial): c:\Users\webdeveloper\.vscode\extensions\redhat.java-1.56.0-win32-x64\server\plugins\org.eclipse.equinox.launcher_1.8.0.v20260804-1928.jar
Launcher Type: SUN_STANDARD

[Global flags]
    uintx AdaptiveSizePolicyWeight                 = 90                                        {product} {command line}
     intx CICompilerCount                          = 3                                         {product} {ergonomic}
    uintx GCTimeRatio                              = 4                                         {product} {command line}
     bool HeapDumpOnOutOfMemoryError               = true                                   {manageable} {command line}
    ccstr HeapDumpPath                             = c:\Users\webdeveloper\AppData\Roaming\Code\User\workspaceStorage\01fd16c54d8b3da8c8afaafb36d14ee5\redhat.java         {manageable} {command line}
   size_t InitialHeapSize                          = 104857600                                 {product} {command line}
   size_t MaxHeapSize                              = 2147483648                                {product} {command line}
   size_t MaxNewSize                               = 715653120                                 {product} {ergonomic}
   size_t MinHeapDeltaBytes                        = 524288                                    {product} {ergonomic}
   size_t MinHeapSize                              = 104857600                                 {product} {command line}
   size_t NewSize                                  = 34603008                                  {product} {ergonomic}
    uintx NonNMethodCodeHeapSize                   = 5832780                                {pd product} {ergonomic}
    uintx NonProfiledCodeHeapSize                  = 122912730                              {pd product} {ergonomic}
   size_t OldSize                                  = 70254592                                  {product} {ergonomic}
    uintx ProfiledCodeHeapSize                     = 122912730                              {pd product} {ergonomic}
    uintx ReservedCodeCacheSize                    = 251658240                              {pd product} {ergonomic}
     bool SegmentedCodeCache                       = true                                      {product} {ergonomic}
   size_t SoftMaxHeapSize                          = 2147483648                             {manageable} {ergonomic}
     bool UseCompressedOops                        = true                           {product lp64_product} {ergonomic}
     bool UseLargePagesIndividualAllocation        = false                                  {pd product} {ergonomic}
     bool UseParallelGC                            = true                                      {product} {command line}

Logging:
Log output configuration:
 #0: stdout all=off uptime,level,tags foldmultilines=false
 #1: stderr all=off uptime,level,tags foldmultilines=false

Release file:
JAVA_VERSION="21.0.12.1" 
MODULES="java.base java.compiler java.datatransfer java.xml java.prefs java.desktop java.instrument java.logging java.management java.security.sasl java.naming java.rmi java.management.rmi java.net.http java.scripting java.security.jgss java.transaction.xa java.sql java.sql.rowset java.xml.crypto java.se java.smartcardio jdk.accessibility jdk.internal.jvmstat jdk.attach jdk.charsets jdk.internal.opt jdk.zipfs jdk.compiler jdk.crypto.ec jdk.crypto.cryptoki jdk.crypto.mscapi jdk.dynalink jdk.internal.ed jdk.editpad jdk.hotspot.agent jdk.httpserver jdk.internal.le jdk.internal.vm.ci jdk.internal.vm.compiler jdk.internal.vm.compiler.management jdk.jartool jdk.javadoc jdk.jcmd jdk.management jdk.management.agent jdk.jconsole jdk.jdeps jdk.jdwp.agent jdk.jdi jdk.jfr jdk.jshell jdk.jsobject jdk.jstatd jdk.localedata jdk.management.jfr jdk.naming.dns jdk.naming.rmi jdk.net jdk.nio.mapmode jdk.random jdk.sctp jdk.security.auth jdk.security.jgss jdk.unsupported jdk.unsupported.desktop jdk.xml.dom" 

Environment Variables:
PATH=C:\Program Files\Common Files\Oracle\Java\javapath;C:\Python314\Scripts\;C:\Python314\;C:\WINDOWS\system32;C:\WINDOWS;C:\WINDOWS\System32\Wbem;C:\WINDOWS\System32\WindowsPowerShell\v1.0\;C:\WINDOWS\System32\OpenSSH\;C:\sqlite3;c:\Users\webdeveloper\AppData\Local\Programs\cursor\resources\app\bin;C:\Program Files\Microsoft SQL Server\150\Tools\Binn\;C:\ProgramData\chocolatey\bin;C:\Program Files\Git\cmd;C:\Program Files\nodejs\;C:\Users\webdeveloper\scoop\shims;C:\Users\webdeveloper\AppData\Local\hermes\hermes-agent\bin;C:\Users\webdeveloper\AppData\Local\hermes\bin;C:\Python314\Scripts\;C:\Python314\;C:\WINDOWS\system32;C:\WINDOWS;C:\WINDOWS\System32\Wbem;C:\WINDOWS\System32\WindowsPowerShell\v1.0\;C:\WINDOWS\System32\OpenSSH\;C:\sqlite3;C:\Program Files\Microsoft SQL Server\150\Tools\Binn\;C:\ProgramData\chocolatey\bin;C:\Program Files\nodejs\;C:\Users\webdeveloper\AppData\Local\agy\bin;c:\Users\webdeveloper\AppData\Local\Programs\cursor\resources\app\codeBin;C:\Users\webdeveloper\AppData\Local\Programs\Python\Python310-32\Scripts\;C:\Users\webdeveloper\AppData\Local\Programs\Python\Python310-32\;C:\Users\webdeveloper\AppData\Local\Programs\Python\Python310\Scripts\;C:\Users\webdeveloper\AppData\Local\Programs\Python\Python310\;C:\Users\webdeveloper\.cargo\bin;C:\Users\webdeveloper\AppData\Local\Microsoft\WindowsApps;C:\Users\webdeveloper\.dotnet\tools;C:\Users\webdeveloper\AppData\Local\Programs\Microsoft VS Code\bin;C:\Users\webdeveloper\AppData\Local\Prog;C:\Users\webdeveloper\AppData\Local\Microsoft\WinGet\Links;C:\Users\webdeveloper\AppData\Local\Programs\Cua\cua-driver\bin;C:\Users\webdeveloper\AppData\Roaming\npm;C:\Users\webdeveloper\AppData\Local\Programs\Antigravity IDE\bin
USERNAME=webdeveloper
OS=Windows_NT
PROCESSOR_IDENTIFIER=Intel64 Family 6 Model 58 Stepping 9, GenuineIntel
TMP=C:\Users\WEBDEV~1\AppData\Local\Temp
TEMP=C:\Users\WEBDEV~1\AppData\Local\Temp




Periodic native trim disabled

---------------  S Y S T E M  ---------------

OS:
 Windows 10 , 64 bit Build 19041 (10.0.19041.5915)
OS uptime: 11 days 0:08 hours
Hyper-V role detected

CPU: total 4 (initial active 4) (2 cores per cpu, 2 threads per core) family 6 model 58 stepping 9 microcode 0x21, cx8, cmov, fxsr, ht, mmx, sse, sse2, sse3, ssse3, sse4.1, sse4.2, popcnt, tsc, tscinvbit, avx, aes, erms, clmul, vzeroupper, clflush, hv, rdtscp, f16c
Processor Information for the first 4 processors :
  Max Mhz: 2601, Current Mhz: 2601, Mhz Limit: 2601

Memory: 4k page, system-wide physical 7352M (339M free)
TotalPageFile size 19817M (AvailPageFile size 0M)
current process WorkingSet (physical memory assigned to process): 87M, peak: 87M
current process commit charge ("private bytes"): 223M, peak: 224M

vm_info: OpenJDK 64-Bit Server VM (21.0.12.1+1-LTS) for windows-amd64 JRE (21.0.12.1+1-LTS), built on 2026-08-18T00:00:00Z by "admin" with MS VC++ 17.12 (VS2022)

END.
