#
# There is insufficient memory for the Java Runtime Environment to continue.
# Native memory allocation (malloc) failed to allocate 32744 bytes. Error detail: Chunk::new
# Possible reasons:
#   The system is out of physical RAM or swap space
#   This process is running with CompressedOops enabled, and the Java Heap may be blocking the growth of the native heap
# Possible solutions:
#   Reduce memory load on the system
#   Increase physical memory or swap space
#   Check if swap backing store is full
#   Decrease Java heap size (-Xmx/-Xms)
#   Decrease number of Java threads
#   Decrease Java thread stack sizes (-Xss)
#   Set larger code cache with -XX:ReservedCodeCacheSize=
#   JVM is running with Unscaled Compressed Oops mode in which the Java heap is
#     placed in the first 4GB address space. The Java Heap base address is the
#     maximum limit for the native heap growth. Please use -XX:HeapBaseMinAddress
#     to set the Java Heap base and to place the Java Heap above 4GB virtual address.
# This output file may be truncated or incomplete.
#
#  Out of Memory Error (arena.cpp:168), pid=11664, tid=388
#
# JRE version: OpenJDK Runtime Environment Temurin-21.0.12.1+1 (21.0.12.1+1) (build 21.0.12.1+1-LTS)
# Java VM: OpenJDK 64-Bit Server VM Temurin-21.0.12.1+1 (21.0.12.1+1-LTS, mixed mode, sharing, tiered, compressed oops, compressed class ptrs, parallel gc, windows-amd64)
# No core dump will be written. Minidumps are not enabled by default on client versions of Windows
#

---------------  S U M M A R Y ------------

Command Line: --add-modules=ALL-SYSTEM --add-opens=java.base/java.util=ALL-UNNAMED --add-opens=java.base/java.lang=ALL-UNNAMED --add-opens=java.base/sun.nio.fs=ALL-UNNAMED -Declipse.application=org.eclipse.jdt.ls.core.id1 -Dosgi.bundles.defaultStartLevel=4 -Declipse.product=org.eclipse.jdt.ls.core.product -Djava.import.generatesMetadataFilesAtProjectRoot=false -Dm2e.project.cache.size=50 -DDetectVMInstallationsJob.disabled=true -Dfile.encoding=utf8 -XX:+UseParallelGC -XX:GCTimeRatio=4 -XX:AdaptiveSizePolicyWeight=90 -Dsun.zip.disableMemoryMapping=true -Xmx2G -Xms100m -Xlog:disable -javaagent:c:\Users\webdeveloper\.vscode\extensions\redhat.java-1.56.0-win32-x64\lombok\lombok-1.18.39-4050.jar c:\Users\webdeveloper\.vscode\extensions\redhat.java-1.56.0-win32-x64\server\plugins\org.eclipse.equinox.launcher_1.8.0.v20260804-1928.jar -configuration c:\Users\webdeveloper\AppData\Roaming\Code\User\globalStorage\redhat.java\1.56.0\config_ss_win -data c:\Users\webdeveloper\AppData\Roaming\Code\User\workspaceStorage\01fd16c54d8b3da8c8afaafb36d14ee5\redhat.java\ss_ws --pipe=\\.\pipe\lsp-786fe071593e585f892083970b78067a-sock

Host: Intel(R) Core(TM) i5-3320M CPU @ 2.60GHz, 4 cores, 7G,  Windows 10 , 64 bit Build 19041 (10.0.19041.5915)
Time: Sun Sep 27 23:43:07 2026 Pacific Daylight Time elapsed time: 123.169208 seconds (0d 0h 2m 3s)

---------------  T H R E A D  ---------------

Current thread (0x000002a760456b40):  JavaThread "C2 CompilerThread0" daemon [_thread_in_native, id=388, stack(0x000000de94500000,0x000000de94600000) (1024K)]


Current CompileTask:
C2:123169 2872       4       java.util.HashSet::contains (9 bytes)

Stack: [0x000000de94500000,0x000000de94600000]
Native frames: (J=compiled Java code, j=interpreted, Vv=VM code, C=native code)
V  [jvm.dll+0x6d83e9]
V  [jvm.dll+0x8b5736]
V  [jvm.dll+0x8b7cee]
V  [jvm.dll+0x8b83d3]
V  [jvm.dll+0x284596]
V  [jvm.dll+0xc685d]
V  [jvm.dll+0xc6da1]
V  [jvm.dll+0x5fee66]
V  [jvm.dll+0x255d67]
V  [jvm.dll+0x24e0f4]
V  [jvm.dll+0x24bbe6]
V  [jvm.dll+0x1cb4ae]
V  [jvm.dll+0x25baad]
V  [jvm.dll+0x25a03a]
V  [jvm.dll+0x3f8aae]
V  [jvm.dll+0x8600cd]
V  [jvm.dll+0x6d6c1d]
C  [ucrtbase.dll+0x21bb2]
C  [KERNEL32.DLL+0x17374]
C  [ntdll.dll+0x4cc91]


---------------  P R O C E S S  ---------------

Threads class SMR info:
_java_thread_list=0x000002a7662125e0, length=18, elements={
0x000002a749a62550, 0x000002a76044f1d0, 0x000002a76044fcd0, 0x000002a760453de0,
0x000002a760454840, 0x000002a7604552a0, 0x000002a760455d00, 0x000002a760456b40,
0x000002a7604c7930, 0x000002a7612458e0, 0x000002a761453310, 0x000002a76158ccc0,
0x000002a76143d0e0, 0x000002a76177e890, 0x000002a7613f9880, 0x000002a7618b3720,
0x000002a761ac0f20, 0x000002a761602330
}

Java Threads: ( => current thread )
  0x000002a749a62550 JavaThread "main"                              [_thread_blocked, id=9880, stack(0x000000de93b00000,0x000000de93c00000) (1024K)]
  0x000002a76044f1d0 JavaThread "Reference Handler"          daemon [_thread_blocked, id=2316, stack(0x000000de93f00000,0x000000de94000000) (1024K)]
  0x000002a76044fcd0 JavaThread "Finalizer"                  daemon [_thread_blocked, id=15456, stack(0x000000de94000000,0x000000de94100000) (1024K)]
  0x000002a760453de0 JavaThread "Signal Dispatcher"          daemon [_thread_blocked, id=4160, stack(0x000000de94100000,0x000000de94200000) (1024K)]
  0x000002a760454840 JavaThread "Attach Listener"            daemon [_thread_blocked, id=14136, stack(0x000000de94200000,0x000000de94300000) (1024K)]
  0x000002a7604552a0 JavaThread "Service Thread"             daemon [_thread_blocked, id=11732, stack(0x000000de94300000,0x000000de94400000) (1024K)]
  0x000002a760455d00 JavaThread "Monitor Deflation Thread"   daemon [_thread_blocked, id=15732, stack(0x000000de94400000,0x000000de94500000) (1024K)]
=>0x000002a760456b40 JavaThread "C2 CompilerThread0"         daemon [_thread_in_native, id=388, stack(0x000000de94500000,0x000000de94600000) (1024K)]
  0x000002a7604c7930 JavaThread "C1 CompilerThread0"         daemon [_thread_blocked, id=2268, stack(0x000000de94600000,0x000000de94700000) (1024K)]
  0x000002a7612458e0 JavaThread "Common-Cleaner"             daemon [_thread_blocked, id=14204, stack(0x000000de94700000,0x000000de94800000) (1024K)]
  0x000002a761453310 JavaThread "Notification Thread"        daemon [_thread_blocked, id=13052, stack(0x000000de94800000,0x000000de94900000) (1024K)]
  0x000002a76158ccc0 JavaThread "Active Thread: Equinox Container: d8f2f03d-9521-4033-a207-d23c661d0f3f"        [_thread_blocked, id=7516, stack(0x000000de94c00000,0x000000de94d00000) (1024K)]
  0x000002a76143d0e0 JavaThread "Framework Event Dispatcher: Equinox Container: d8f2f03d-9521-4033-a207-d23c661d0f3f" daemon [_thread_blocked, id=11108, stack(0x000000de93900000,0x000000de93a00000) (1024K)]
  0x000002a76177e890 JavaThread "Start Level: Equinox Container: d8f2f03d-9521-4033-a207-d23c661d0f3f" daemon [_thread_in_native, id=13368, stack(0x000000de93a00000,0x000000de93b00000) (1024K)]
  0x000002a7613f9880 JavaThread "SCR Component Actor"        daemon [_thread_blocked, id=392, stack(0x000000de94d00000,0x000000de94e00000) (1024K)]
  0x000002a7618b3720 JavaThread "Worker-JM"                         [_thread_blocked, id=13316, stack(0x000000de94f00000,0x000000de95000000) (1024K)]
  0x000002a761ac0f20 JavaThread "Worker-0"                          [_thread_blocked, id=2364, stack(0x000000de95000000,0x000000de95100000) (1024K)]
  0x000002a761602330 JavaThread "Worker-1"                          [_thread_blocked, id=9976, stack(0x000000de95100000,0x000000de95200000) (1024K)]
Total: 18

Other Threads:
  0x000002a749b227c0 VMThread "VM Thread"                           [id=15696, stack(0x000000de93e00000,0x000000de93f00000) (1024K)]
  0x000002a7603fc600 WatcherThread "VM Periodic Task Thread"        [id=2144, stack(0x000000de93d00000,0x000000de93e00000) (1024K)]
  0x000002a749a7f7a0 WorkerThread "GC Thread#0"                     [id=15860, stack(0x000000de93c00000,0x000000de93d00000) (1024K)]
  0x000002a7613c9e20 WorkerThread "GC Thread#1"                     [id=9912, stack(0x000000de94900000,0x000000de94a00000) (1024K)]
  0x000002a76179c710 WorkerThread "GC Thread#2"                     [id=11484, stack(0x000000de94a00000,0x000000de94b00000) (1024K)]
  0x000002a76179cac0 WorkerThread "GC Thread#3"                     [id=16060, stack(0x000000de94b00000,0x000000de94c00000) (1024K)]
Total: 6

Threads with active compile tasks:
C2 CompilerThread0  123533 2872       4       java.util.HashSet::contains (9 bytes)
Total: 1

VM state: not at safepoint (normal execution)

VM Mutex/Monitor currently owned by a thread: None

Heap address: 0x0000000080000000, size: 2048 MB, Compressed Oops mode: 32-bit

CDS archive(s) mapped at: [0x000002a700000000-0x000002a700ba0000-0x000002a700ba0000), size 12189696, SharedBaseAddress: 0x000002a700000000, ArchiveRelocationMode: 1.
Compressed class space mapped at: 0x000002a701000000-0x000002a741000000, reserved size: 1073741824
Narrow klass base: 0x000002a700000000, Narrow klass shift: 0, Narrow klass range: 0x100000000

GC Precious Log:
 CardTable entry size: 512
 CPUs: 4 total, 4 available
 Memory: 7352M
 Large Page Support: Disabled
 NUMA Support: Disabled
 Compressed Oops: Enabled (32-bit)
 Alignments: Space 512K, Generation 512K, Heap 2M
 Heap Min Capacity: 100M
 Heap Initial Capacity: 100M
 Heap Max Capacity: 2G
 Pre-touch: Disabled
 Parallel Workers: 4

Heap:
 PSYoungGen      total 29696K, used 8970K [0x00000000d5580000, 0x00000000d7b00000, 0x0000000100000000)
  eden space 24064K, 37% used [0x00000000d5580000,0x00000000d5e42880,0x00000000d6d00000)
  from space 5632K, 0% used [0x00000000d7380000,0x00000000d7380000,0x00000000d7900000)
  to   space 6656K, 0% used [0x00000000d6d00000,0x00000000d6d00000,0x00000000d7380000)
 ParOldGen       total 68608K, used 9991K [0x0000000080000000, 0x0000000084300000, 0x00000000d5580000)
  object space 68608K, 14% used [0x0000000080000000,0x00000000809c1e48,0x0000000084300000)
 Metaspace       used 21888K, committed 22528K, reserved 1114112K
  class space    used 2101K, committed 2368K, reserved 1048576K

Card table byte_map: [0x000002a749440000,0x000002a749850000] _byte_map_base: 0x000002a749040000

Marking Bits: (ParMarkBitMap*) 0x00007ff9ecad44a0
 Begin Bits: [0x000002a75bf20000, 0x000002a75df20000)
 End Bits:   [0x000002a75df20000, 0x000002a75ff20000)

Polling page: 0x000002a749230000

Metaspace:

Usage:
  Non-class:     19.32 MB used.
      Class:      2.05 MB used.
       Both:     21.38 MB used.

Virtual space:
  Non-class space:       64.00 MB reserved,      19.69 MB ( 31%) committed,  1 nodes.
      Class space:        1.00 GB reserved,       2.31 MB ( <1%) committed,  1 nodes.
             Both:        1.06 GB reserved,      22.00 MB (  2%) committed. 

Chunk freelists:
   Non-Class:  12.05 MB
       Class:  13.54 MB
        Both:  25.59 MB

MaxMetaspaceSize: unlimited
CompressedClassSpaceSize: 1.00 GB
Initial GC threshold: 21.00 MB
Current GC threshold: 35.00 MB
CDS: on
 - commit_granule_bytes: 65536.
 - commit_granule_words: 8192.
 - virtual_space_node_default_size: 8388608.
 - enlarge_chunks_in_place: 1.
 - use_allocation_guard: 0.


Internal statistics:

num_allocs_failed_limit: 3.
num_arena_births: 474.
num_arena_deaths: 14.
num_vsnodes_births: 2.
num_vsnodes_deaths: 0.
num_space_committed: 352.
num_space_uncommitted: 0.
num_chunks_returned_to_freelist: 17.
num_chunks_taken_from_freelist: 1284.
num_chunk_merges: 9.
num_chunk_splits: 844.
num_chunks_enlarged: 546.
num_inconsistent_stats: 0.

CodeHeap 'non-profiled nmethods': size=120000Kb used=1341Kb max_used=1341Kb free=118658Kb
 bounds [0x000002a754740000, 0x000002a7549b0000, 0x000002a75bc70000]
CodeHeap 'profiled nmethods': size=120000Kb used=5784Kb max_used=5784Kb free=114215Kb
 bounds [0x000002a74cc70000, 0x000002a74d220000, 0x000002a7541a0000]
CodeHeap 'non-nmethods': size=5760Kb used=1307Kb max_used=1348Kb free=4453Kb
 bounds [0x000002a7541a0000, 0x000002a754410000, 0x000002a754740000]
CodeCache: size=245760Kb, used=8432Kb, max_used=8473Kb, free=237326Kb
 total_blobs=3467, nmethods=2876, adapters=497, full_count=0
Compilation: enabled, stopped_count=0, restarted_count=0

Compilation events (20 events):
Event: 118.612 Thread 0x000002a7604c7930 nmethod 2861 0x000002a74d20e710 code [0x000002a74d20e8c0, 0x000002a74d20ea20]
Event: 119.021 Thread 0x000002a7604c7930 2862       3       java.lang.invoke.MethodHandles$Lookup::getDirectConstructorCommon (69 bytes)
Event: 119.022 Thread 0x000002a7604c7930 nmethod 2862 0x000002a74d20eb10 code [0x000002a74d20ed20, 0x000002a74d20f240]
Event: 119.022 Thread 0x000002a7604c7930 2864       3       java.lang.AbstractStringBuilder::append (77 bytes)
Event: 119.023 Thread 0x000002a7604c7930 nmethod 2864 0x000002a74d20f490 code [0x000002a74d20f6a0, 0x000002a74d20fd48]
Event: 119.023 Thread 0x000002a7604c7930 2863       3       java.lang.invoke.MemberName::asConstructor (58 bytes)
Event: 119.024 Thread 0x000002a7604c7930 nmethod 2863 0x000002a74d210010 code [0x000002a74d210240, 0x000002a74d210848]
Event: 119.024 Thread 0x000002a7604c7930 2865       3       jdk.internal.misc.Unsafe::checkPrimitivePointer (19 bytes)
Event: 119.025 Thread 0x000002a7604c7930 nmethod 2865 0x000002a74d210a90 code [0x000002a74d210ca0, 0x000002a74d211298]
Event: 119.037 Thread 0x000002a7604c7930 2867       1       sun.nio.fs.NativeBuffer::owner (5 bytes)
Event: 119.038 Thread 0x000002a7604c7930 nmethod 2867 0x000002a75488d410 code [0x000002a75488d5a0, 0x000002a75488d668]
Event: 119.038 Thread 0x000002a7604c7930 2868       1       sun.nio.fs.WindowsPath::getFileSystem (5 bytes)
Event: 119.038 Thread 0x000002a7604c7930 nmethod 2868 0x000002a75488d710 code [0x000002a75488d8a0, 0x000002a75488d968]
Event: 119.173 Thread 0x000002a7604c7930 2869       3       java.lang.String::<init> (98 bytes)
Event: 119.175 Thread 0x000002a7604c7930 nmethod 2869 0x000002a74d211510 code [0x000002a74d211900, 0x000002a74d213350]
Event: 119.175 Thread 0x000002a7604c7930 2870       3       java.util.regex.Matcher::<init> (95 bytes)
Event: 119.175 Thread 0x000002a7604c7930 nmethod 2870 0x000002a74d213c10 code [0x000002a74d213de0, 0x000002a74d214290]
Event: 119.181 Thread 0x000002a760456b40 2871       4       java.util.HashMap::put (13 bytes)
Event: 119.201 Thread 0x000002a760456b40 nmethod 2871 0x000002a75488da10 code [0x000002a75488dc60, 0x000002a75488e5a8]
Event: 122.692 Thread 0x000002a760456b40 2872       4       java.util.HashSet::contains (9 bytes)

GC Heap History (14 events):
Event: 17.278 GC heap before
{Heap before GC invocations=1 (full 0):
 PSYoungGen      total 29696K, used 25600K [0x00000000d5580000, 0x00000000d7680000, 0x0000000100000000)
  eden space 25600K, 100% used [0x00000000d5580000,0x00000000d6e80000,0x00000000d6e80000)
  from space 4096K, 0% used [0x00000000d7280000,0x00000000d7280000,0x00000000d7680000)
  to   space 4096K, 0% used [0x00000000d6e80000,0x00000000d6e80000,0x00000000d7280000)
 ParOldGen       total 68608K, used 0K [0x0000000080000000, 0x0000000084300000, 0x00000000d5580000)
  object space 68608K, 0% used [0x0000000080000000,0x0000000080000000,0x0000000084300000)
 Metaspace       used 4366K, committed 4608K, reserved 1114112K
  class space    used 476K, committed 576K, reserved 1048576K
}
Event: 17.338 GC heap after
{Heap after GC invocations=1 (full 0):
 PSYoungGen      total 29696K, used 3271K [0x00000000d5580000, 0x00000000d7680000, 0x0000000100000000)
  eden space 25600K, 0% used [0x00000000d5580000,0x00000000d5580000,0x00000000d6e80000)
  from space 4096K, 79% used [0x00000000d6e80000,0x00000000d71b1e98,0x00000000d7280000)
  to   space 4096K, 0% used [0x00000000d7280000,0x00000000d7280000,0x00000000d7680000)
 ParOldGen       total 68608K, used 0K [0x0000000080000000, 0x0000000084300000, 0x00000000d5580000)
  object space 68608K, 0% used [0x0000000080000000,0x0000000080000000,0x0000000084300000)
 Metaspace       used 4366K, committed 4608K, reserved 1114112K
  class space    used 476K, committed 576K, reserved 1048576K
}
Event: 84.169 GC heap before
{Heap before GC invocations=2 (full 0):
 PSYoungGen      total 29696K, used 28871K [0x00000000d5580000, 0x00000000d7680000, 0x0000000100000000)
  eden space 25600K, 100% used [0x00000000d5580000,0x00000000d6e80000,0x00000000d6e80000)
  from space 4096K, 79% used [0x00000000d6e80000,0x00000000d71b1e98,0x00000000d7280000)
  to   space 4096K, 0% used [0x00000000d7280000,0x00000000d7280000,0x00000000d7680000)
 ParOldGen       total 68608K, used 0K [0x0000000080000000, 0x0000000084300000, 0x00000000d5580000)
  object space 68608K, 0% used [0x0000000080000000,0x0000000080000000,0x0000000084300000)
 Metaspace       used 8166K, committed 8384K, reserved 1114112K
  class space    used 858K, committed 960K, reserved 1048576K
}
Event: 84.177 GC heap after
{Heap after GC invocations=2 (full 0):
 PSYoungGen      total 29696K, used 4086K [0x00000000d5580000, 0x00000000d7680000, 0x0000000100000000)
  eden space 25600K, 0% used [0x00000000d5580000,0x00000000d5580000,0x00000000d6e80000)
  from space 4096K, 99% used [0x00000000d7280000,0x00000000d767d810,0x00000000d7680000)
  to   space 4096K, 0% used [0x00000000d6e80000,0x00000000d6e80000,0x00000000d7280000)
 ParOldGen       total 68608K, used 1039K [0x0000000080000000, 0x0000000084300000, 0x00000000d5580000)
  object space 68608K, 1% used [0x0000000080000000,0x0000000080103ec8,0x0000000084300000)
 Metaspace       used 8166K, committed 8384K, reserved 1114112K
  class space    used 858K, committed 960K, reserved 1048576K
}
Event: 105.822 GC heap before
{Heap before GC invocations=3 (full 0):
 PSYoungGen      total 29696K, used 29686K [0x00000000d5580000, 0x00000000d7680000, 0x0000000100000000)
  eden space 25600K, 100% used [0x00000000d5580000,0x00000000d6e80000,0x00000000d6e80000)
  from space 4096K, 99% used [0x00000000d7280000,0x00000000d767d810,0x00000000d7680000)
  to   space 4096K, 0% used [0x00000000d6e80000,0x00000000d6e80000,0x00000000d7280000)
 ParOldGen       total 68608K, used 1039K [0x0000000080000000, 0x0000000084300000, 0x00000000d5580000)
  object space 68608K, 1% used [0x0000000080000000,0x0000000080103ec8,0x0000000084300000)
 Metaspace       used 12996K, committed 13504K, reserved 1114112K
  class space    used 1370K, committed 1600K, reserved 1048576K
}
Event: 105.832 GC heap after
{Heap after GC invocations=3 (full 0):
 PSYoungGen      total 29696K, used 4095K [0x00000000d5580000, 0x00000000d7680000, 0x0000000100000000)
  eden space 25600K, 0% used [0x00000000d5580000,0x00000000d5580000,0x00000000d6e80000)
  from space 4096K, 99% used [0x00000000d6e80000,0x00000000d727fd48,0x00000000d7280000)
  to   space 4096K, 0% used [0x00000000d7280000,0x00000000d7280000,0x00000000d7680000)
 ParOldGen       total 68608K, used 2741K [0x0000000080000000, 0x0000000084300000, 0x00000000d5580000)
  object space 68608K, 3% used [0x0000000080000000,0x00000000802ad718,0x0000000084300000)
 Metaspace       used 12996K, committed 13504K, reserved 1114112K
  class space    used 1370K, committed 1600K, reserved 1048576K
}
Event: 111.654 GC heap before
{Heap before GC invocations=4 (full 0):
 PSYoungGen      total 29696K, used 29560K [0x00000000d5580000, 0x00000000d7680000, 0x0000000100000000)
  eden space 25600K, 99% used [0x00000000d5580000,0x00000000d6e5e5c8,0x00000000d6e80000)
  from space 4096K, 99% used [0x00000000d6e80000,0x00000000d727fd48,0x00000000d7280000)
  to   space 4096K, 0% used [0x00000000d7280000,0x00000000d7280000,0x00000000d7680000)
 ParOldGen       total 68608K, used 2741K [0x0000000080000000, 0x0000000084300000, 0x00000000d5580000)
  object space 68608K, 3% used [0x0000000080000000,0x00000000802ad718,0x0000000084300000)
 Metaspace       used 16183K, committed 16832K, reserved 1114112K
  class space    used 1682K, committed 1984K, reserved 1048576K
}
Event: 111.662 GC heap after
{Heap after GC invocations=4 (full 0):
 PSYoungGen      total 29696K, used 4065K [0x00000000d5580000, 0x00000000d7680000, 0x0000000100000000)
  eden space 25600K, 0% used [0x00000000d5580000,0x00000000d5580000,0x00000000d6e80000)
  from space 4096K, 99% used [0x00000000d7280000,0x00000000d76784a0,0x00000000d7680000)
  to   space 4096K, 0% used [0x00000000d6e80000,0x00000000d6e80000,0x00000000d7280000)
 ParOldGen       total 68608K, used 5769K [0x0000000080000000, 0x0000000084300000, 0x00000000d5580000)
  object space 68608K, 8% used [0x0000000080000000,0x00000000805a24e8,0x0000000084300000)
 Metaspace       used 16183K, committed 16832K, reserved 1114112K
  class space    used 1682K, committed 1984K, reserved 1048576K
}
Event: 114.211 GC heap before
{Heap before GC invocations=5 (full 0):
 PSYoungGen      total 29696K, used 29665K [0x00000000d5580000, 0x00000000d7680000, 0x0000000100000000)
  eden space 25600K, 100% used [0x00000000d5580000,0x00000000d6e80000,0x00000000d6e80000)
  from space 4096K, 99% used [0x00000000d7280000,0x00000000d76784a0,0x00000000d7680000)
  to   space 4096K, 0% used [0x00000000d6e80000,0x00000000d6e80000,0x00000000d7280000)
 ParOldGen       total 68608K, used 5769K [0x0000000080000000, 0x0000000084300000, 0x00000000d5580000)
  object space 68608K, 8% used [0x0000000080000000,0x00000000805a24e8,0x0000000084300000)
 Metaspace       used 20189K, committed 20864K, reserved 1114112K
  class space    used 1974K, committed 2304K, reserved 1048576K
}
Event: 114.218 GC heap after
{Heap after GC invocations=5 (full 0):
 PSYoungGen      total 29184K, used 4082K [0x00000000d5580000, 0x00000000d7900000, 0x0000000100000000)
  eden space 25088K, 0% used [0x00000000d5580000,0x00000000d5580000,0x00000000d6e00000)
  from space 4096K, 99% used [0x00000000d6e80000,0x00000000d727cbb8,0x00000000d7280000)
  to   space 5632K, 0% used [0x00000000d7380000,0x00000000d7380000,0x00000000d7900000)
 ParOldGen       total 68608K, used 6157K [0x0000000080000000, 0x0000000084300000, 0x00000000d5580000)
  object space 68608K, 8% used [0x0000000080000000,0x0000000080603758,0x0000000084300000)
 Metaspace       used 20189K, committed 20864K, reserved 1114112K
  class space    used 1974K, committed 2304K, reserved 1048576K
}
Event: 115.002 GC heap before
{Heap before GC invocations=6 (full 0):
 PSYoungGen      total 29184K, used 21519K [0x00000000d5580000, 0x00000000d7900000, 0x0000000100000000)
  eden space 25088K, 69% used [0x00000000d5580000,0x00000000d6687320,0x00000000d6e00000)
  from space 4096K, 99% used [0x00000000d6e80000,0x00000000d727cbb8,0x00000000d7280000)
  to   space 5632K, 0% used [0x00000000d7380000,0x00000000d7380000,0x00000000d7900000)
 ParOldGen       total 68608K, used 6157K [0x0000000080000000, 0x0000000084300000, 0x00000000d5580000)
  object space 68608K, 8% used [0x0000000080000000,0x0000000080603758,0x0000000084300000)
 Metaspace       used 20882K, committed 21504K, reserved 1114112K
  class space    used 2012K, committed 2304K, reserved 1048576K
}
Event: 115.013 GC heap after
{Heap after GC invocations=6 (full 0):
 PSYoungGen      total 29696K, used 5625K [0x00000000d5580000, 0x00000000d7b00000, 0x0000000100000000)
  eden space 24064K, 0% used [0x00000000d5580000,0x00000000d5580000,0x00000000d6d00000)
  from space 5632K, 99% used [0x00000000d7380000,0x00000000d78fe760,0x00000000d7900000)
  to   space 6656K, 0% used [0x00000000d6d00000,0x00000000d6d00000,0x00000000d7380000)
 ParOldGen       total 68608K, used 6515K [0x0000000080000000, 0x0000000084300000, 0x00000000d5580000)
  object space 68608K, 9% used [0x0000000080000000,0x000000008065ced8,0x0000000084300000)
 Metaspace       used 20882K, committed 21504K, reserved 1114112K
  class space    used 2012K, committed 2304K, reserved 1048576K
}
Event: 115.013 GC heap before
{Heap before GC invocations=7 (full 1):
 PSYoungGen      total 29696K, used 5625K [0x00000000d5580000, 0x00000000d7b00000, 0x0000000100000000)
  eden space 24064K, 0% used [0x00000000d5580000,0x00000000d5580000,0x00000000d6d00000)
  from space 5632K, 99% used [0x00000000d7380000,0x00000000d78fe760,0x00000000d7900000)
  to   space 6656K, 0% used [0x00000000d6d00000,0x00000000d6d00000,0x00000000d7380000)
 ParOldGen       total 68608K, used 6515K [0x0000000080000000, 0x0000000084300000, 0x00000000d5580000)
  object space 68608K, 9% used [0x0000000080000000,0x000000008065ced8,0x0000000084300000)
 Metaspace       used 20882K, committed 21504K, reserved 1114112K
  class space    used 2012K, committed 2304K, reserved 1048576K
}
Event: 115.073 GC heap after
{Heap after GC invocations=7 (full 1):
 PSYoungGen      total 29696K, used 0K [0x00000000d5580000, 0x00000000d7b00000, 0x0000000100000000)
  eden space 24064K, 0% used [0x00000000d5580000,0x00000000d5580000,0x00000000d6d00000)
  from space 5632K, 0% used [0x00000000d7380000,0x00000000d7380000,0x00000000d7900000)
  to   space 6656K, 0% used [0x00000000d6d00000,0x00000000d6d00000,0x00000000d7380000)
 ParOldGen       total 68608K, used 9991K [0x0000000080000000, 0x0000000084300000, 0x00000000d5580000)
  object space 68608K, 14% used [0x0000000080000000,0x00000000809c1e48,0x0000000084300000)
 Metaspace       used 20869K, committed 21504K, reserved 1114112K
  class space    used 2009K, committed 2304K, reserved 1048576K
}

Dll operation events (20 events):
Event: 3.191 Attempting to load shared library c:\Users\webdeveloper\.vscode\extensions\redhat.java-1.56.0-win32-x64\jre\21.0.12.1-win32-x86_64\bin\zip.dll
Event: 3.204 Loaded shared library c:\Users\webdeveloper\.vscode\extensions\redhat.java-1.56.0-win32-x64\jre\21.0.12.1-win32-x86_64\bin\zip.dll
Event: 3.314 Attempting to load shared library C:\Users\webdeveloper\.vscode\extensions\redhat.java-1.56.0-win32-x64\jre\21.0.12.1-win32-x86_64\bin\instrument.dll
Event: 3.314 Loaded shared library C:\Users\webdeveloper\.vscode\extensions\redhat.java-1.56.0-win32-x64\jre\21.0.12.1-win32-x86_64\bin\instrument.dll
Event: 3.394 Attempting to load shared library C:\Users\webdeveloper\.vscode\extensions\redhat.java-1.56.0-win32-x64\jre\21.0.12.1-win32-x86_64\bin\net.dll
Event: 3.408 Loaded shared library C:\Users\webdeveloper\.vscode\extensions\redhat.java-1.56.0-win32-x64\jre\21.0.12.1-win32-x86_64\bin\net.dll
Event: 3.416 Attempting to load shared library C:\Users\webdeveloper\.vscode\extensions\redhat.java-1.56.0-win32-x64\jre\21.0.12.1-win32-x86_64\bin\nio.dll
Event: 3.421 Loaded shared library C:\Users\webdeveloper\.vscode\extensions\redhat.java-1.56.0-win32-x64\jre\21.0.12.1-win32-x86_64\bin\nio.dll
Event: 3.432 Attempting to load shared library C:\Users\webdeveloper\.vscode\extensions\redhat.java-1.56.0-win32-x64\jre\21.0.12.1-win32-x86_64\bin\zip.dll
Event: 3.432 Loaded shared library C:\Users\webdeveloper\.vscode\extensions\redhat.java-1.56.0-win32-x64\jre\21.0.12.1-win32-x86_64\bin\zip.dll
Event: 3.694 Attempting to load shared library C:\Users\webdeveloper\.vscode\extensions\redhat.java-1.56.0-win32-x64\jre\21.0.12.1-win32-x86_64\bin\jimage.dll
Event: 3.694 Loaded shared library C:\Users\webdeveloper\.vscode\extensions\redhat.java-1.56.0-win32-x64\jre\21.0.12.1-win32-x86_64\bin\jimage.dll
Event: 4.701 Attempting to load shared library c:\Users\webdeveloper\.vscode\extensions\redhat.java-1.56.0-win32-x64\jre\21.0.12.1-win32-x86_64\bin\verify.dll
Event: 9.089 Loaded shared library c:\Users\webdeveloper\.vscode\extensions\redhat.java-1.56.0-win32-x64\jre\21.0.12.1-win32-x86_64\bin\verify.dll
Event: 84.057 Attempting to load shared library C:\Users\webdeveloper\AppData\Roaming\Code\User\globalStorage\redhat.java\1.56.0\config_ss_win\org.eclipse.equinox.launcher\org.eclipse.equinox.launcher.win32.win32.x86_64_1.3.100.v20260804-1928\eclipse_11924.dll
Event: 94.899 Loaded shared library C:\Users\webdeveloper\AppData\Roaming\Code\User\globalStorage\redhat.java\1.56.0\config_ss_win\org.eclipse.equinox.launcher\org.eclipse.equinox.launcher.win32.win32.x86_64_1.3.100.v20260804-1928\eclipse_11924.dll
Event: 107.082 Attempting to load shared library C:\Users\webdeveloper\.vscode\extensions\redhat.java-1.56.0-win32-x64\jre\21.0.12.1-win32-x86_64\bin\management.dll
Event: 107.512 Loaded shared library C:\Users\webdeveloper\.vscode\extensions\redhat.java-1.56.0-win32-x64\jre\21.0.12.1-win32-x86_64\bin\management.dll
Event: 107.570 Attempting to load shared library C:\Users\webdeveloper\.vscode\extensions\redhat.java-1.56.0-win32-x64\jre\21.0.12.1-win32-x86_64\bin\management_ext.dll
Event: 108.005 Loaded shared library C:\Users\webdeveloper\.vscode\extensions\redhat.java-1.56.0-win32-x64\jre\21.0.12.1-win32-x86_64\bin\management_ext.dll

Deoptimization events (20 events):
Event: 118.036 Thread 0x000002a76177e890 Uncommon trap: trap_request=0xffffffc6 fr.pc=0x000002a7547f8f54 relative=0x00000000000009d4
Event: 118.036 Thread 0x000002a76177e890 Uncommon trap: reason=bimorphic_or_optimized_type_check action=maybe_recompile pc=0x000002a7547f8f54 method=java.util.HashMap.putVal(ILjava/lang/Object;Ljava/lang/Object;ZZ)Ljava/lang/Object; @ 56 c2
Event: 118.036 Thread 0x000002a76177e890 DEOPT PACKING pc=0x000002a7547f8f54 sp=0x000000de93afe0c0
Event: 118.036 Thread 0x000002a76177e890 DEOPT UNPACKING pc=0x000002a7541f3aa2 sp=0x000000de93afdfc0 mode 2
Event: 118.036 Thread 0x000002a76177e890 Uncommon trap: trap_request=0xffffffc6 fr.pc=0x000002a7547f8f54 relative=0x00000000000009d4
Event: 118.036 Thread 0x000002a76177e890 Uncommon trap: reason=bimorphic_or_optimized_type_check action=maybe_recompile pc=0x000002a7547f8f54 method=java.util.HashMap.putVal(ILjava/lang/Object;Ljava/lang/Object;ZZ)Ljava/lang/Object; @ 56 c2
Event: 118.036 Thread 0x000002a76177e890 DEOPT PACKING pc=0x000002a7547f8f54 sp=0x000000de93afe0c0
Event: 118.036 Thread 0x000002a76177e890 DEOPT UNPACKING pc=0x000002a7541f3aa2 sp=0x000000de93afdfc0 mode 2
Event: 118.036 Thread 0x000002a76177e890 Uncommon trap: trap_request=0xffffffc6 fr.pc=0x000002a7547f8f54 relative=0x00000000000009d4
Event: 118.036 Thread 0x000002a76177e890 Uncommon trap: reason=bimorphic_or_optimized_type_check action=maybe_recompile pc=0x000002a7547f8f54 method=java.util.HashMap.putVal(ILjava/lang/Object;Ljava/lang/Object;ZZ)Ljava/lang/Object; @ 56 c2
Event: 118.036 Thread 0x000002a76177e890 DEOPT PACKING pc=0x000002a7547f8f54 sp=0x000000de93afe0c0
Event: 118.036 Thread 0x000002a76177e890 DEOPT UNPACKING pc=0x000002a7541f3aa2 sp=0x000000de93afdfc0 mode 2
Event: 118.036 Thread 0x000002a76177e890 Uncommon trap: trap_request=0xffffffc6 fr.pc=0x000002a7547f8f54 relative=0x00000000000009d4
Event: 118.036 Thread 0x000002a76177e890 Uncommon trap: reason=bimorphic_or_optimized_type_check action=maybe_recompile pc=0x000002a7547f8f54 method=java.util.HashMap.putVal(ILjava/lang/Object;Ljava/lang/Object;ZZ)Ljava/lang/Object; @ 56 c2
Event: 118.036 Thread 0x000002a76177e890 DEOPT PACKING pc=0x000002a7547f8f54 sp=0x000000de93afe0c0
Event: 118.036 Thread 0x000002a76177e890 DEOPT UNPACKING pc=0x000002a7541f3aa2 sp=0x000000de93afdfc0 mode 2
Event: 119.174 Thread 0x000002a76177e890 Uncommon trap: trap_request=0xffffff45 fr.pc=0x000002a7548876d8 relative=0x00000000000009d8
Event: 119.174 Thread 0x000002a76177e890 Uncommon trap: reason=unstable_if action=reinterpret pc=0x000002a7548876d8 method=java.util.regex.Pattern$BmpCharPropertyGreedy.match(Ljava/util/regex/Matcher;ILjava/lang/CharSequence;)Z @ 12 c2
Event: 119.174 Thread 0x000002a76177e890 DEOPT PACKING pc=0x000002a7548876d8 sp=0x000000de93afdc70
Event: 119.174 Thread 0x000002a76177e890 DEOPT UNPACKING pc=0x000002a7541f3aa2 sp=0x000000de93afdb38 mode 2

Classes loaded (20 events):
Event: 119.206 Loading class java/nio/channels/NetworkChannel
Event: 119.206 Loading class java/nio/channels/NetworkChannel done
Event: 119.206 Loading class java/nio/channels/spi/AbstractSelectableChannel
Event: 119.207 Loading class java/nio/channels/SelectableChannel
Event: 119.207 Loading class java/nio/channels/SelectableChannel done
Event: 119.207 Loading class java/nio/channels/spi/AbstractSelectableChannel done
Event: 119.207 Loading class java/nio/channels/SocketChannel done
Event: 119.207 Loading class sun/nio/ch/SocketChannelImpl done
Event: 119.207 Loading class sun/nio/ch/ChannelOutputStream
Event: 119.207 Loading class sun/nio/ch/ChannelOutputStream done
Event: 119.207 Loading class sun/nio/ch/Util
Event: 119.208 Loading class sun/nio/ch/Util done
Event: 119.208 Loading class sun/nio/ch/Util$1
Event: 119.208 Loading class sun/nio/ch/Util$1 done
Event: 119.208 Loading class sun/nio/ch/Util$BufferCache
Event: 119.208 Loading class sun/nio/ch/Util$BufferCache done
Event: 119.218 Loading class java/nio/DirectByteBuffer$Deallocator
Event: 119.219 Loading class java/nio/DirectByteBuffer$Deallocator done
Event: 119.219 Loading class sun/nio/ch/IOStatus
Event: 119.219 Loading class sun/nio/ch/IOStatus done

Classes unloaded (7 events):
Event: 115.026 Thread 0x000002a749b227c0 Unloading class 0x000002a70118cc00 'java/lang/invoke/LambdaForm$MH+0x000002a70118cc00'
Event: 115.026 Thread 0x000002a749b227c0 Unloading class 0x000002a70118c800 'java/lang/invoke/LambdaForm$MH+0x000002a70118c800'
Event: 115.026 Thread 0x000002a749b227c0 Unloading class 0x000002a70118c400 'java/lang/invoke/LambdaForm$MH+0x000002a70118c400'
Event: 115.026 Thread 0x000002a749b227c0 Unloading class 0x000002a70118c000 'java/lang/invoke/LambdaForm$MH+0x000002a70118c000'
Event: 115.027 Thread 0x000002a749b227c0 Unloading class 0x000002a70118bc00 'java/lang/invoke/LambdaForm$BMH+0x000002a70118bc00'
Event: 115.027 Thread 0x000002a749b227c0 Unloading class 0x000002a70118b800 'java/lang/invoke/LambdaForm$DMH+0x000002a70118b800'
Event: 115.027 Thread 0x000002a749b227c0 Unloading class 0x000002a70118a400 'java/lang/invoke/LambdaForm$DMH+0x000002a70118a400'

Classes redefined (0 events):
No events

Internal exceptions (20 events):
Event: 110.782 Thread 0x000002a761ac0f20 Exception <a 'java/lang/NoSuchMethodError'{0x00000000d5f93850}: 'java.lang.Object java.lang.invoke.DirectMethodHandle$Holder.invokeSpecial(java.lang.Object, java.lang.Object, int, java.lang.Object, java.lang.Object)'> (0x00000000d5f93850) 
thrown [s\src\hotspot\share\interpreter\linkResolver.cpp, line 773]
Event: 110.784 Thread 0x000002a761ac0f20 Exception <a 'java/lang/NoSuchMethodError'{0x00000000d5f9a588}: 'java.lang.Object java.lang.invoke.DirectMethodHandle$Holder.newInvokeSpecial(java.lang.Object, java.lang.Object, int, java.lang.Object)'> (0x00000000d5f9a588) 
thrown [s\src\hotspot\share\interpreter\linkResolver.cpp, line 773]
Event: 110.785 Thread 0x000002a761ac0f20 Exception <a 'java/lang/NoSuchMethodError'{0x00000000d5f9de68}: 'java.lang.Object java.lang.invoke.DirectMethodHandle$Holder.invokeSpecial(java.lang.Object, java.lang.Object, java.lang.Object, int, java.lang.Object)'> (0x00000000d5f9de68) 
thrown [s\src\hotspot\share\interpreter\linkResolver.cpp, line 773]
Event: 110.888 Thread 0x000002a76177e890 Exception <a 'java/lang/NoSuchMethodError'{0x00000000d60c48e0}: 'void java.lang.invoke.DirectMethodHandle$Holder.invokeSpecial(java.lang.Object, java.lang.Object, java.lang.Object, java.lang.Object, java.lang.Object)'> (0x00000000d60c48e0) 
thrown [s\src\hotspot\share\interpreter\linkResolver.cpp, line 773]
Event: 111.053 Thread 0x000002a76177e890 Exception <a 'java/lang/NoSuchMethodError'{0x00000000d62d62f0}: 'double java.lang.invoke.DirectMethodHandle$Holder.invokeStatic(java.lang.Object, java.lang.Object)'> (0x00000000d62d62f0) 
thrown [s\src\hotspot\share\interpreter\linkResolver.cpp, line 773]
Event: 111.054 Thread 0x000002a76177e890 Exception <a 'java/lang/NoSuchMethodError'{0x00000000d62d99b0}: 'double java.lang.invoke.DirectMethodHandle$Holder.invokeStaticInit(java.lang.Object, java.lang.Object)'> (0x00000000d62d99b0) 
thrown [s\src\hotspot\share\interpreter\linkResolver.cpp, line 773]
Event: 111.759 Thread 0x000002a76177e890 Exception <a 'java/io/FileNotFoundException'{0x00000000d5a376d0}> (0x00000000d5a376d0) 
thrown [s\src\hotspot\share\prims\jni.cpp, line 520]
Event: 111.778 Thread 0x000002a76177e890 Exception <a 'java/io/FileNotFoundException'{0x00000000d5a38530}> (0x00000000d5a38530) 
thrown [s\src\hotspot\share\prims\jni.cpp, line 520]
Event: 111.779 Thread 0x000002a76177e890 Exception <a 'java/io/FileNotFoundException'{0x00000000d5a39498}> (0x00000000d5a39498) 
thrown [s\src\hotspot\share\prims\jni.cpp, line 520]
Event: 112.470 Thread 0x000002a76177e890 Exception <a 'java/lang/NoSuchMethodError'{0x00000000d63a0ca0}: 'int java.lang.invoke.DirectMethodHandle$Holder.invokeStaticInit(java.lang.Object, java.lang.Object, java.lang.Object)'> (0x00000000d63a0ca0) 
thrown [s\src\hotspot\share\interpreter\linkResolver.cpp, line 773]
Event: 112.783 Thread 0x000002a76177e890 Implicit null exception at 0x000002a754853075 to 0x000002a754853144
Event: 114.252 Thread 0x000002a76177e890 Exception <a 'java/io/FileNotFoundException'{0x00000000d56754c0}> (0x00000000d56754c0) 
thrown [s\src\hotspot\share\prims\jni.cpp, line 520]
Event: 114.255 Thread 0x000002a76177e890 Exception <a 'java/lang/NoSuchMethodError'{0x00000000d567cd50}: 'java.lang.Object java.lang.invoke.DirectMethodHandle$Holder.newInvokeSpecial(java.lang.Object, int, java.lang.Object, java.lang.Object)'> (0x00000000d567cd50) 
thrown [s\src\hotspot\share\interpreter\linkResolver.cpp, line 773]
Event: 114.405 Thread 0x000002a76177e890 Exception <a 'java/io/FileNotFoundException'{0x00000000d623cad8}> (0x00000000d623cad8) 
thrown [s\src\hotspot\share\prims\jni.cpp, line 520]
Event: 114.406 Thread 0x000002a76177e890 Exception <a 'java/io/FileNotFoundException'{0x00000000d623db10}> (0x00000000d623db10) 
thrown [s\src\hotspot\share\prims\jni.cpp, line 520]
Event: 114.429 Thread 0x000002a76177e890 Exception <a 'java/io/FileNotFoundException'{0x00000000d624bd80}> (0x00000000d624bd80) 
thrown [s\src\hotspot\share\prims\jni.cpp, line 520]
Event: 117.261 Thread 0x000002a76177e890 Exception <a 'java/io/FileNotFoundException'{0x00000000d5962450}> (0x00000000d5962450) 
thrown [s\src\hotspot\share\prims\jni.cpp, line 520]
Event: 119.026 Thread 0x000002a76177e890 Exception <a 'sun/nio/fs/WindowsException'{0x00000000d5b3db30}> (0x00000000d5b3db30) 
thrown [s\src\hotspot\share\prims\jni.cpp, line 520]
Event: 119.037 Thread 0x000002a76177e890 Exception <a 'sun/nio/fs/WindowsException'{0x00000000d5b41830}> (0x00000000d5b41830) 
thrown [s\src\hotspot\share\prims\jni.cpp, line 520]
Event: 119.184 Thread 0x000002a76177e890 Exception <a 'sun/nio/fs/WindowsException'{0x00000000d5bcb408}> (0x00000000d5bcb408) 
thrown [s\src\hotspot\share\prims\jni.cpp, line 520]

ZGC Phase Switch (0 events):
No events

VM Operations (20 events):
Event: 114.211 Executing safepoint VM operation: ParallelGCFailedAllocation (Allocation Failure)
Event: 114.218 Executing safepoint VM operation: ParallelGCFailedAllocation (Allocation Failure) done
Event: 115.002 Executing safepoint VM operation: CollectForMetadataAllocation (Metadata GC Threshold)
Event: 115.074 Executing safepoint VM operation: CollectForMetadataAllocation (Metadata GC Threshold) done
Event: 116.084 Executing safepoint VM operation: Cleanup
Event: 116.100 Executing safepoint VM operation: Cleanup done
Event: 117.112 Executing safepoint VM operation: Cleanup
Event: 117.113 Executing safepoint VM operation: Cleanup done
Event: 118.035 Executing non-safepoint VM operation: HandshakeAllThreads (Deoptimize)
Event: 118.035 Executing non-safepoint VM operation: HandshakeAllThreads (Deoptimize) done
Event: 119.036 Executing safepoint VM operation: Cleanup
Event: 119.037 Executing safepoint VM operation: Cleanup done
Event: 120.044 Executing safepoint VM operation: Cleanup
Event: 120.044 Executing safepoint VM operation: Cleanup done
Event: 121.047 Executing safepoint VM operation: Cleanup
Event: 121.047 Executing safepoint VM operation: Cleanup done
Event: 122.269 Executing non-safepoint VM operation: HandshakeAllThreads (HandshakeForDeflation)
Event: 122.269 Executing non-safepoint VM operation: HandshakeAllThreads (HandshakeForDeflation) done
Event: 122.269 Executing non-safepoint VM operation: RendezvousGCThreads
Event: 122.269 Executing non-safepoint VM operation: RendezvousGCThreads done

Memory protections (0 events):
No events

Nmethod flushes (0 events):
No events

Events (20 events):
Event: 2.865 Thread 0x000002a749a62550 Thread added: 0x000002a749a62550
Event: 2.941 Thread 0x000002a749a62550 Thread added: 0x000002a76044f1d0
Event: 2.942 Thread 0x000002a749a62550 Thread added: 0x000002a76044fcd0
Event: 2.943 Thread 0x000002a749a62550 Thread added: 0x000002a760453de0
Event: 2.944 Thread 0x000002a749a62550 Thread added: 0x000002a760454840
Event: 2.944 Thread 0x000002a749a62550 Thread added: 0x000002a7604552a0
Event: 2.944 Thread 0x000002a749a62550 Thread added: 0x000002a760455d00
Event: 2.945 Thread 0x000002a749a62550 Thread added: 0x000002a760456b40
Event: 2.961 Thread 0x000002a749a62550 Thread added: 0x000002a7604c7930
Event: 3.327 Thread 0x000002a749a62550 Thread added: 0x000002a7612458e0
Event: 9.917 Thread 0x000002a749a62550 Thread added: 0x000002a761453310
Event: 22.446 Thread 0x000002a749a62550 Thread added: 0x000002a76158ccc0
Event: 83.308 Thread 0x000002a749a62550 Thread added: 0x000002a76143d0e0
Event: 83.315 Thread 0x000002a749a62550 Thread added: 0x000002a76177e890
Event: 84.643 Thread 0x000002a76177e890 Thread added: 0x000002a7613f9880
Event: 103.804 Thread 0x000002a76177e890 Thread added: 0x000002a7618b3720
Event: 110.674 Thread 0x000002a76177e890 Thread added: 0x000002a761ac0f20
Event: 110.789 Thread 0x000002a76177e890 Thread added: 0x000002a761602330
Event: 116.120 Thread 0x000002a76177e890 Thread added: 0x000002a7619c8da0
Event: 122.157 Thread 0x000002a7619c8da0 Thread exited: 0x000002a7619c8da0


Dynamic libraries:
0x00007ff6fe160000 - 0x00007ff6fe16e000 	c:\Users\webdeveloper\.vscode\extensions\redhat.java-1.56.0-win32-x64\jre\21.0.12.1-win32-x86_64\bin\java.exe
0x00007ffa30ad0000 - 0x00007ffa30cc8000 	C:\WINDOWS\SYSTEM32\ntdll.dll
0x00007ffa2f290000 - 0x00007ffa2f352000 	C:\WINDOWS\System32\KERNEL32.DLL
0x00007ffa2e320000 - 0x00007ffa2e616000 	C:\WINDOWS\System32\KERNELBASE.dll
0x00007ffa2e800000 - 0x00007ffa2e900000 	C:\WINDOWS\System32\ucrtbase.dll
0x00007ffa28440000 - 0x00007ffa28458000 	c:\Users\webdeveloper\.vscode\extensions\redhat.java-1.56.0-win32-x64\jre\21.0.12.1-win32-x86_64\bin\jli.dll
0x00007ffa2f4c0000 - 0x00007ffa2f661000 	C:\WINDOWS\System32\USER32.dll
0x00007ffa2e720000 - 0x00007ffa2e742000 	C:\WINDOWS\System32\win32u.dll
0x00007ffa2f9c0000 - 0x00007ffa2f9eb000 	C:\WINDOWS\System32\GDI32.dll
0x00007ffa2e200000 - 0x00007ffa2e319000 	C:\WINDOWS\System32\gdi32full.dll
0x00007ffa2e160000 - 0x00007ffa2e1fd000 	C:\WINDOWS\System32\msvcp_win.dll
0x00007ffa28e50000 - 0x00007ffa28e6e000 	c:\Users\webdeveloper\.vscode\extensions\redhat.java-1.56.0-win32-x64\jre\21.0.12.1-win32-x86_64\bin\VCRUNTIME140.dll
0x00007ffa1e850000 - 0x00007ffa1eaeb000 	C:\WINDOWS\WinSxS\amd64_microsoft.windows.common-controls_6595b64144ccf1df_6.0.19041.6456_none_60b8a6cb71f64256\COMCTL32.dll
0x00007ffa2eb50000 - 0x00007ffa2ebee000 	C:\WINDOWS\System32\msvcrt.dll
0x00007ffa30320000 - 0x00007ffa3034f000 	C:\WINDOWS\System32\IMM32.DLL
0x00007ffa27900000 - 0x00007ffa2790c000 	c:\Users\webdeveloper\.vscode\extensions\redhat.java-1.56.0-win32-x64\jre\21.0.12.1-win32-x86_64\bin\vcruntime140_1.dll
0x00007ffa0a500000 - 0x00007ffa0a58d000 	c:\Users\webdeveloper\.vscode\extensions\redhat.java-1.56.0-win32-x64\jre\21.0.12.1-win32-x86_64\bin\msvcp140.dll
0x00007ff9ebe10000 - 0x00007ff9ecbb2000 	c:\Users\webdeveloper\.vscode\extensions\redhat.java-1.56.0-win32-x64\jre\21.0.12.1-win32-x86_64\bin\server\jvm.dll
0x00007ffa2f7c0000 - 0x00007ffa2f871000 	C:\WINDOWS\System32\ADVAPI32.dll
0x00007ffa309f0000 - 0x00007ffa30a8f000 	C:\WINDOWS\System32\sechost.dll
0x00007ffa307c0000 - 0x00007ffa308e0000 	C:\WINDOWS\System32\RPCRT4.dll
0x00007ffa2e6a0000 - 0x00007ffa2e6c7000 	C:\WINDOWS\System32\bcrypt.dll
0x00007ffa2f750000 - 0x00007ffa2f7bb000 	C:\WINDOWS\System32\WS2_32.dll
0x00007ffa2d6b0000 - 0x00007ffa2d6fb000 	C:\WINDOWS\SYSTEM32\POWRPROF.dll
0x00007ffa1bf40000 - 0x00007ffa1bf67000 	C:\WINDOWS\SYSTEM32\WINMM.dll
0x00007ffa21840000 - 0x00007ffa2184a000 	C:\WINDOWS\SYSTEM32\VERSION.dll
0x00007ffa2d520000 - 0x00007ffa2d532000 	C:\WINDOWS\SYSTEM32\UMPDC.dll
0x00007ffa2bf90000 - 0x00007ffa2bfa2000 	C:\WINDOWS\SYSTEM32\kernel.appcore.dll
0x00007ffa278f0000 - 0x00007ffa278fa000 	c:\Users\webdeveloper\.vscode\extensions\redhat.java-1.56.0-win32-x64\jre\21.0.12.1-win32-x86_64\bin\jimage.dll
0x00007ffa1b150000 - 0x00007ffa1b351000 	C:\WINDOWS\SYSTEM32\DBGHELP.DLL
0x00007ffa12330000 - 0x00007ffa12364000 	C:\WINDOWS\SYSTEM32\dbgcore.DLL
0x00007ffa2ea60000 - 0x00007ffa2eae2000 	C:\WINDOWS\System32\bcryptPrimitives.dll
0x00007ffa1e310000 - 0x00007ffa1e31f000 	c:\Users\webdeveloper\.vscode\extensions\redhat.java-1.56.0-win32-x64\jre\21.0.12.1-win32-x86_64\bin\instrument.dll
0x00007ffa26060000 - 0x00007ffa26080000 	c:\Users\webdeveloper\.vscode\extensions\redhat.java-1.56.0-win32-x64\jre\21.0.12.1-win32-x86_64\bin\java.dll
0x00007ffa2fa00000 - 0x00007ffa30170000 	C:\WINDOWS\System32\SHELL32.dll
0x00007ffa2c190000 - 0x00007ffa2c935000 	C:\WINDOWS\SYSTEM32\windows.storage.dll
0x00007ffa2ef30000 - 0x00007ffa2f284000 	C:\WINDOWS\System32\combase.dll
0x00007ffa2dab0000 - 0x00007ffa2dadb000 	C:\WINDOWS\SYSTEM32\Wldp.dll
0x00007ffa2f8f0000 - 0x00007ffa2f9bd000 	C:\WINDOWS\System32\OLEAUT32.dll
0x00007ffa308e0000 - 0x00007ffa3098d000 	C:\WINDOWS\System32\SHCORE.dll
0x00007ffa2eed0000 - 0x00007ffa2ef2b000 	C:\WINDOWS\System32\shlwapi.dll
0x00007ffa2e090000 - 0x00007ffa2e0b4000 	C:\WINDOWS\SYSTEM32\profapi.dll
0x00007ffa1eaf0000 - 0x00007ffa1eb08000 	c:\Users\webdeveloper\.vscode\extensions\redhat.java-1.56.0-win32-x64\jre\21.0.12.1-win32-x86_64\bin\zip.dll
0x00007ffa26130000 - 0x00007ffa26140000 	C:\Users\webdeveloper\.vscode\extensions\redhat.java-1.56.0-win32-x64\jre\21.0.12.1-win32-x86_64\bin\net.dll
0x00007ffa22d50000 - 0x00007ffa22e5a000 	C:\WINDOWS\SYSTEM32\WINHTTP.dll
0x00007ffa2d890000 - 0x00007ffa2d8fa000 	C:\WINDOWS\system32\mswsock.dll
0x00007ffa1e0b0000 - 0x00007ffa1e0c6000 	C:\Users\webdeveloper\.vscode\extensions\redhat.java-1.56.0-win32-x64\jre\21.0.12.1-win32-x86_64\bin\nio.dll
0x00007ffa1e120000 - 0x00007ffa1e130000 	c:\Users\webdeveloper\.vscode\extensions\redhat.java-1.56.0-win32-x64\jre\21.0.12.1-win32-x86_64\bin\verify.dll
0x00007ffa09960000 - 0x00007ffa099a5000 	C:\Users\webdeveloper\AppData\Roaming\Code\User\globalStorage\redhat.java\1.56.0\config_ss_win\org.eclipse.equinox.launcher\org.eclipse.equinox.launcher.win32.win32.x86_64_1.3.100.v20260804-1928\eclipse_11924.dll
0x00007ffa2ed10000 - 0x00007ffa2ee3b000 	C:\WINDOWS\System32\ole32.dll
0x00007ffa1df10000 - 0x00007ffa1df1a000 	C:\Users\webdeveloper\.vscode\extensions\redhat.java-1.56.0-win32-x64\jre\21.0.12.1-win32-x86_64\bin\management.dll
0x00007ffa1de50000 - 0x00007ffa1de5c000 	C:\Users\webdeveloper\.vscode\extensions\redhat.java-1.56.0-win32-x64\jre\21.0.12.1-win32-x86_64\bin\management_ext.dll
0x00007ffa2f670000 - 0x00007ffa2f678000 	C:\WINDOWS\System32\PSAPI.DLL

JVMTI agents:
c:\Users\webdeveloper\.vscode\extensions\redhat.java-1.56.0-win32-x64\lombok\lombok-1.18.39-4050.jar path:c:\Users\webdeveloper\.vscode\extensions\redhat.java-1.56.0-win32-x64\jre\21.0.12.1-win32-x86_64\bin\instrument.dll, loaded, initialized, instrumentlib options:none

dbghelp: loaded successfully - version: 4.0.5 - missing functions: none
symbol engine: initialized successfully - sym options: 0x614 - pdb path: .;c:\Users\webdeveloper\.vscode\extensions\redhat.java-1.56.0-win32-x64\jre\21.0.12.1-win32-x86_64\bin;C:\WINDOWS\SYSTEM32;C:\WINDOWS\WinSxS\amd64_microsoft.windows.common-controls_6595b64144ccf1df_6.0.19041.6456_none_60b8a6cb71f64256;c:\Users\webdeveloper\.vscode\extensions\redhat.java-1.56.0-win32-x64\jre\21.0.12.1-win32-x86_64\bin\server;C:\Users\webdeveloper\AppData\Roaming\Code\User\globalStorage\redhat.java\1.56.0\config_ss_win\org.eclipse.equinox.launcher\org.eclipse.equinox.launcher.win32.win32.x86_64_1.3.100.v20260804-1928

VM Arguments:
jvm_args: --add-modules=ALL-SYSTEM --add-opens=java.base/java.util=ALL-UNNAMED --add-opens=java.base/java.lang=ALL-UNNAMED --add-opens=java.base/sun.nio.fs=ALL-UNNAMED -Declipse.application=org.eclipse.jdt.ls.core.id1 -Dosgi.bundles.defaultStartLevel=4 -Declipse.product=org.eclipse.jdt.ls.core.product -Djava.import.generatesMetadataFilesAtProjectRoot=false -Dm2e.project.cache.size=50 -DDetectVMInstallationsJob.disabled=true -Dfile.encoding=utf8 -XX:+UseParallelGC -XX:GCTimeRatio=4 -XX:AdaptiveSizePolicyWeight=90 -Dsun.zip.disableMemoryMapping=true -Xmx2G -Xms100m -Xlog:disable -javaagent:c:\Users\webdeveloper\.vscode\extensions\redhat.java-1.56.0-win32-x64\lombok\lombok-1.18.39-4050.jar 
java_command: c:\Users\webdeveloper\.vscode\extensions\redhat.java-1.56.0-win32-x64\server\plugins\org.eclipse.equinox.launcher_1.8.0.v20260804-1928.jar -configuration c:\Users\webdeveloper\AppData\Roaming\Code\User\globalStorage\redhat.java\1.56.0\config_ss_win -data c:\Users\webdeveloper\AppData\Roaming\Code\User\workspaceStorage\01fd16c54d8b3da8c8afaafb36d14ee5\redhat.java\ss_ws --pipe=\\.\pipe\lsp-786fe071593e585f892083970b78067a-sock
java_class_path (initial): c:\Users\webdeveloper\.vscode\extensions\redhat.java-1.56.0-win32-x64\server\plugins\org.eclipse.equinox.launcher_1.8.0.v20260804-1928.jar
Launcher Type: SUN_STANDARD

[Global flags]
    uintx AdaptiveSizePolicyWeight                 = 90                                        {product} {command line}
     intx CICompilerCount                          = 3                                         {product} {ergonomic}
    uintx GCTimeRatio                              = 4                                         {product} {command line}
   size_t InitialHeapSize                          = 104857600                                 {product} {command line}
   size_t MaxHeapSize                              = 2147483648                                {product} {command line}
   size_t MaxNewSize                               = 715653120                                 {product} {ergonomic}
   size_t MinHeapDeltaBytes                        = 524288                                    {product} {ergonomic}
   size_t MinHeapSize                              = 104857600                                 {product} {command line}
   size_t NewSize                                  = 34603008                                  {product} {ergonomic}
    uintx NonNMethodCodeHeapSize                   = 5832780                                {pd product} {ergonomic}
    uintx NonProfiledCodeHeapSize                  = 122912730                              {pd product} {ergonomic}
   size_t OldSize                                  = 70254592                                  {product} {ergonomic}
    uintx ProfiledCodeHeapSize                     = 122912730                              {pd product} {ergonomic}
    uintx ReservedCodeCacheSize                    = 251658240                              {pd product} {ergonomic}
     bool SegmentedCodeCache                       = true                                      {product} {ergonomic}
   size_t SoftMaxHeapSize                          = 2147483648                             {manageable} {ergonomic}
     bool UseCompressedOops                        = true                           {product lp64_product} {ergonomic}
     bool UseLargePagesIndividualAllocation        = false                                  {pd product} {ergonomic}
     bool UseParallelGC                            = true                                      {product} {command line}

Logging:
Log output configuration:
 #0: stdout all=off uptime,level,tags foldmultilines=false
 #1: stderr all=off uptime,level,tags foldmultilines=false

Release file:
JAVA_VERSION="21.0.12.1" 
MODULES="java.base java.compiler java.datatransfer java.xml java.prefs java.desktop java.instrument java.logging java.management java.security.sasl java.naming java.rmi java.management.rmi java.net.http java.scripting java.security.jgss java.transaction.xa java.sql java.sql.rowset java.xml.crypto java.se java.smartcardio jdk.accessibility jdk.internal.jvmstat jdk.attach jdk.charsets jdk.internal.opt jdk.zipfs jdk.compiler jdk.crypto.ec jdk.crypto.cryptoki jdk.crypto.mscapi jdk.dynalink jdk.internal.ed jdk.editpad jdk.hotspot.agent jdk.httpserver jdk.internal.le jdk.internal.vm.ci jdk.internal.vm.compiler jdk.internal.vm.compiler.management jdk.jartool jdk.javadoc jdk.jcmd jdk.management jdk.management.agent jdk.jconsole jdk.jdeps jdk.jdwp.agent jdk.jdi jdk.jfr jdk.jshell jdk.jsobject jdk.jstatd jdk.localedata jdk.management.jfr jdk.naming.dns jdk.naming.rmi jdk.net jdk.nio.mapmode jdk.random jdk.sctp jdk.security.auth jdk.security.jgss jdk.unsupported jdk.unsupported.desktop jdk.xml.dom" 

Environment Variables:
PATH=C:\Program Files\Common Files\Oracle\Java\javapath;C:\Python314\Scripts\;C:\Python314\;C:\WINDOWS\system32;C:\WINDOWS;C:\WINDOWS\System32\Wbem;C:\WINDOWS\System32\WindowsPowerShell\v1.0\;C:\WINDOWS\System32\OpenSSH\;C:\sqlite3;c:\Users\webdeveloper\AppData\Local\Programs\cursor\resources\app\bin;C:\Program Files\Microsoft SQL Server\150\Tools\Binn\;C:\ProgramData\chocolatey\bin;C:\Program Files\Git\cmd;C:\Program Files\nodejs\;C:\Users\webdeveloper\scoop\shims;C:\Users\webdeveloper\AppData\Local\hermes\hermes-agent\bin;C:\Users\webdeveloper\AppData\Local\hermes\bin;C:\Python314\Scripts\;C:\Python314\;C:\WINDOWS\system32;C:\WINDOWS;C:\WINDOWS\System32\Wbem;C:\WINDOWS\System32\WindowsPowerShell\v1.0\;C:\WINDOWS\System32\OpenSSH\;C:\sqlite3;C:\Program Files\Microsoft SQL Server\150\Tools\Binn\;C:\ProgramData\chocolatey\bin;C:\Program Files\nodejs\;C:\Users\webdeveloper\AppData\Local\agy\bin;c:\Users\webdeveloper\AppData\Local\Programs\cursor\resources\app\codeBin;C:\Users\webdeveloper\AppData\Local\Programs\Python\Python310-32\Scripts\;C:\Users\webdeveloper\AppData\Local\Programs\Python\Python310-32\;C:\Users\webdeveloper\AppData\Local\Programs\Python\Python310\Scripts\;C:\Users\webdeveloper\AppData\Local\Programs\Python\Python310\;C:\Users\webdeveloper\.cargo\bin;C:\Users\webdeveloper\AppData\Local\Microsoft\WindowsApps;C:\Users\webdeveloper\.dotnet\tools;C:\Users\webdeveloper\AppData\Local\Programs\Microsoft VS Code\bin;C:\Users\webdeveloper\AppData\Local\Prog;C:\Users\webdeveloper\AppData\Local\Microsoft\WinGet\Links;C:\Users\webdeveloper\AppData\Local\Programs\Cua\cua-driver\bin;C:\Users\webdeveloper\AppData\Roaming\npm;C:\Users\webdeveloper\AppData\Local\Programs\Antigravity IDE\bin
USERNAME=webdeveloper
OS=Windows_NT
PROCESSOR_IDENTIFIER=Intel64 Family 6 Model 58 Stepping 9, GenuineIntel
TMP=C:\Users\WEBDEV~1\AppData\Local\Temp
TEMP=C:\Users\WEBDEV~1\AppData\Local\Temp




Periodic native trim disabled

---------------  S Y S T E M  ---------------

OS:
 Windows 10 , 64 bit Build 19041 (10.0.19041.5915)
OS uptime: 11 days 0:09 hours
Hyper-V role detected

CPU: total 4 (initial active 4) (2 cores per cpu, 2 threads per core) family 6 model 58 stepping 9 microcode 0x21, cx8, cmov, fxsr, ht, mmx, sse, sse2, sse3, ssse3, sse4.1, sse4.2, popcnt, tsc, tscinvbit, avx, aes, erms, clmul, vzeroupper, clflush, hv, rdtscp, f16c
Processor Information for the first 4 processors :
  Max Mhz: 2601, Current Mhz: 2601, Mhz Limit: 2601

Memory: 4k page, system-wide physical 7352M (377M free)
TotalPageFile size 19817M (AvailPageFile size 13M)
current process WorkingSet (physical memory assigned to process): 116M, peak: 132M
current process commit charge ("private bytes"): 252M, peak: 269M

vm_info: OpenJDK 64-Bit Server VM (21.0.12.1+1-LTS) for windows-amd64 JRE (21.0.12.1+1-LTS), built on 2026-08-18T00:00:00Z by "admin" with MS VC++ 17.12 (VS2022)

END.
